../Core/Src/wiznet/DHCP/dhcp.c:258:6:default_ip_assign	8	static
../Core/Src/wiznet/DHCP/dhcp.c:266:6:default_ip_update	8	static
../Core/Src/wiznet/DHCP/dhcp.c:276:6:default_ip_conflict	8	static
../Core/Src/wiznet/DHCP/dhcp.c:285:6:reg_dhcp_cbfunc	24	static
../Core/Src/wiznet/DHCP/dhcp.c:296:6:makeDHCPMSG	24	static
../Core/Src/wiznet/DHCP/dhcp.c:355:6:send_DHCP_DISCOVER	32	static
../Core/Src/wiznet/DHCP/dhcp.c:428:6:send_DHCP_REQUEST	40	static
../Core/Src/wiznet/DHCP/dhcp.c:527:6:send_DHCP_DECLINE	32	static
../Core/Src/wiznet/DHCP/dhcp.c:587:8:parseDHCPMSG	56	static
../Core/Src/wiznet/DHCP/dhcp.c:709:9:DHCP_run	16	static
../Core/Src/wiznet/DHCP/dhcp.c:845:9:DHCP_stop	8	static
../Core/Src/wiznet/DHCP/dhcp.c:851:9:check_DHCP_timeout	16	static
../Core/Src/wiznet/DHCP/dhcp.c:904:8:check_DHCP_leasedIP	24	static
../Core/Src/wiznet/DHCP/dhcp.c:939:6:DHCP_init	24	static
../Core/Src/wiznet/DHCP/dhcp.c:974:6:reset_DHCP_timeout	4	static
../Core/Src/wiznet/DHCP/dhcp.c:981:6:DHCP_time_handler	4	static
../Core/Src/wiznet/DHCP/dhcp.c:986:6:getIPfromDHCP	16	static
../Core/Src/wiznet/DHCP/dhcp.c:994:6:getGWfromDHCP	16	static
../Core/Src/wiznet/DHCP/dhcp.c:1002:6:getSNfromDHCP	16	static
../Core/Src/wiznet/DHCP/dhcp.c:1010:6:getDNSfromDHCP	16	static
../Core/Src/wiznet/DHCP/dhcp.c:1018:10:getDHCPLeasetime	4	static
../Core/Src/wiznet/DHCP/dhcp.c:1023:6:NibbleToHex	16	static
