../Core/Src/main.c:140:5:main	80	static
../Core/Src/main.c:237:6:SystemClock_Config	88	static
../Core/Src/main.c:284:13:MX_SPI1_Init	8	static
../Core/Src/main.c:322:13:MX_USART2_UART_Init	8	static
../Core/Src/main.c:355:13:MX_GPIO_Init	40	static
../Core/Src/main.c:393:6:InitializeW5500	16	static
../Core/Src/main.c:410:6:Task_SwitchHandler	32	static
../Core/Src/main.c:438:6:Task_MQTTHandler	104	static
../Core/Src/main.c:572:1:__io_putchar	16	static
../Core/Src/main.c:578:6:PHYStatusCheck	16	static
../Core/Src/main.c:598:6:PrintPHYConf	16	static
../Core/Src/main.c:641:6:DisplayNetworkConfigurations	32	static
../Core/Src/main.c:652:6:OnDHCPIPAssigned	8	static
../Core/Src/main.c:669:6:FlushQueue	24	static
../Core/Src/main.c:687:6:StartDefaultTask	16	static
../Core/Src/main.c:706:6:HAL_TIM_PeriodElapsedCallback	16	static
../Core/Src/main.c:734:6:Error_Handler	4	static,ignoring_inline_asm
