Archive member included to satisfy reference by file (symbol)

C:/ST/STM32CubeIDE_1.16.1/STM32CubeIDE/plugins/com.st.stm32cube.ide.mcu.externaltools.gnu-tools-for-stm32.12.3.rel1.win32_1.0.200.202406191623/tools/bin/../lib/gcc/arm-none-eabi/12.3.1/../../../../arm-none-eabi/lib/thumb/v7e-m+fp/hard\libc_nano.a(libc_a-exit.o)
                              C:/ST/STM32CubeIDE_1.16.1/STM32CubeIDE/plugins/com.st.stm32cube.ide.mcu.externaltools.gnu-tools-for-stm32.12.3.rel1.win32_1.0.200.202406191623/tools/bin/../lib/gcc/arm-none-eabi/12.3.1/../../../../arm-none-eabi/lib/thumb/v7e-m+fp/hard/crt0.o (exit)
C:/ST/STM32CubeIDE_1.16.1/STM32CubeIDE/plugins/com.st.stm32cube.ide.mcu.externaltools.gnu-tools-for-stm32.12.3.rel1.win32_1.0.200.202406191623/tools/bin/../lib/gcc/arm-none-eabi/12.3.1/../../../../arm-none-eabi/lib/thumb/v7e-m+fp/hard\libc_nano.a(libc_a-findfp.o)
                              ./Middlewares/Third_Party/FreeRTOS/Source/tasks.o (__sf)
C:/ST/STM32CubeIDE_1.16.1/STM32CubeIDE/plugins/com.st.stm32cube.ide.mcu.externaltools.gnu-tools-for-stm32.12.3.rel1.win32_1.0.200.202406191623/tools/bin/../lib/gcc/arm-none-eabi/12.3.1/../../../../arm-none-eabi/lib/thumb/v7e-m+fp/hard\libc_nano.a(libc_a-fwalk.o)
                              C:/ST/STM32CubeIDE_1.16.1/STM32CubeIDE/plugins/com.st.stm32cube.ide.mcu.externaltools.gnu-tools-for-stm32.12.3.rel1.win32_1.0.200.202406191623/tools/bin/../lib/gcc/arm-none-eabi/12.3.1/../../../../arm-none-eabi/lib/thumb/v7e-m+fp/hard\libc_nano.a(libc_a-findfp.o) (_fwalk_sglue)
C:/ST/STM32CubeIDE_1.16.1/STM32CubeIDE/plugins/com.st.stm32cube.ide.mcu.externaltools.gnu-tools-for-stm32.12.3.rel1.win32_1.0.200.202406191623/tools/bin/../lib/gcc/arm-none-eabi/12.3.1/../../../../arm-none-eabi/lib/thumb/v7e-m+fp/hard\libc_nano.a(libc_a-printf.o)
                              ./Core/Src/main.o (printf)
C:/ST/STM32CubeIDE_1.16.1/STM32CubeIDE/plugins/com.st.stm32cube.ide.mcu.externaltools.gnu-tools-for-stm32.12.3.rel1.win32_1.0.200.202406191623/tools/bin/../lib/gcc/arm-none-eabi/12.3.1/../../../../arm-none-eabi/lib/thumb/v7e-m+fp/hard\libc_nano.a(libc_a-puts.o)
                              ./Core/Src/main.o (puts)
C:/ST/STM32CubeIDE_1.16.1/STM32CubeIDE/plugins/com.st.stm32cube.ide.mcu.externaltools.gnu-tools-for-stm32.12.3.rel1.win32_1.0.200.202406191623/tools/bin/../lib/gcc/arm-none-eabi/12.3.1/../../../../arm-none-eabi/lib/thumb/v7e-m+fp/hard\libc_nano.a(libc_a-snprintf.o)
                              ./Core/Src/main.o (snprintf)
C:/ST/STM32CubeIDE_1.16.1/STM32CubeIDE/plugins/com.st.stm32cube.ide.mcu.externaltools.gnu-tools-for-stm32.12.3.rel1.win32_1.0.200.202406191623/tools/bin/../lib/gcc/arm-none-eabi/12.3.1/../../../../arm-none-eabi/lib/thumb/v7e-m+fp/hard\libc_nano.a(libc_a-stdio.o)
                              C:/ST/STM32CubeIDE_1.16.1/STM32CubeIDE/plugins/com.st.stm32cube.ide.mcu.externaltools.gnu-tools-for-stm32.12.3.rel1.win32_1.0.200.202406191623/tools/bin/../lib/gcc/arm-none-eabi/12.3.1/../../../../arm-none-eabi/lib/thumb/v7e-m+fp/hard\libc_nano.a(libc_a-findfp.o) (__sread)
C:/ST/STM32CubeIDE_1.16.1/STM32CubeIDE/plugins/com.st.stm32cube.ide.mcu.externaltools.gnu-tools-for-stm32.12.3.rel1.win32_1.0.200.202406191623/tools/bin/../lib/gcc/arm-none-eabi/12.3.1/../../../../arm-none-eabi/lib/thumb/v7e-m+fp/hard\libc_nano.a(libc_a-wbuf.o)
                              C:/ST/STM32CubeIDE_1.16.1/STM32CubeIDE/plugins/com.st.stm32cube.ide.mcu.externaltools.gnu-tools-for-stm32.12.3.rel1.win32_1.0.200.202406191623/tools/bin/../lib/gcc/arm-none-eabi/12.3.1/../../../../arm-none-eabi/lib/thumb/v7e-m+fp/hard\libc_nano.a(libc_a-puts.o) (__swbuf_r)
C:/ST/STM32CubeIDE_1.16.1/STM32CubeIDE/plugins/com.st.stm32cube.ide.mcu.externaltools.gnu-tools-for-stm32.12.3.rel1.win32_1.0.200.202406191623/tools/bin/../lib/gcc/arm-none-eabi/12.3.1/../../../../arm-none-eabi/lib/thumb/v7e-m+fp/hard\libc_nano.a(libc_a-wsetup.o)
                              C:/ST/STM32CubeIDE_1.16.1/STM32CubeIDE/plugins/com.st.stm32cube.ide.mcu.externaltools.gnu-tools-for-stm32.12.3.rel1.win32_1.0.200.202406191623/tools/bin/../lib/gcc/arm-none-eabi/12.3.1/../../../../arm-none-eabi/lib/thumb/v7e-m+fp/hard\libc_nano.a(libc_a-puts.o) (__swsetup_r)
C:/ST/STM32CubeIDE_1.16.1/STM32CubeIDE/plugins/com.st.stm32cube.ide.mcu.externaltools.gnu-tools-for-stm32.12.3.rel1.win32_1.0.200.202406191623/tools/bin/../lib/gcc/arm-none-eabi/12.3.1/../../../../arm-none-eabi/lib/thumb/v7e-m+fp/hard\libc_nano.a(libc_a-memcmp.o)
                              ./Core/Src/wiznet/MQTT/MQTTPacket/MQTTConnectServer.o (memcmp)
C:/ST/STM32CubeIDE_1.16.1/STM32CubeIDE/plugins/com.st.stm32cube.ide.mcu.externaltools.gnu-tools-for-stm32.12.3.rel1.win32_1.0.200.202406191623/tools/bin/../lib/gcc/arm-none-eabi/12.3.1/../../../../arm-none-eabi/lib/thumb/v7e-m+fp/hard\libc_nano.a(libc_a-memset.o)
[...]
Memory Configuration

Name             Origin             Length             Attributes
RAM              0x20000000         0x00018000         xrw
FLASH            0x08000000         0x00080000         xr
*default*        0x00000000         0xffffffff

Linker script and memory map

LOAD C:/ST/STM32CubeIDE_1.16.1/STM32CubeIDE/plugins/com.st.stm32cube.ide.mcu.externaltools.gnu-tools-for-stm32.12.3.rel1.win32_1.0.200.202406191623/tools/bin/../lib/gcc/arm-none-eabi/12.3.1/thumb/v7e-m+fp/hard/crti.o
LOAD C:/ST/STM32CubeIDE_1.16.1/STM32CubeIDE/plugins/com.st.stm32cube.ide.mcu.externaltools.gnu-tools-for-stm32.12.3.rel1.win32_1.0.200.202406191623/tools/bin/../lib/gcc/arm-none-eabi/12.3.1/thumb/v7e-m+fp/hard/crtbegin.o
LOAD C:/ST/STM32CubeIDE_1.16.1/STM32CubeIDE/plugins/com.st.stm32cube.ide.mcu.externaltools.gnu-tools-for-stm32.12.3.rel1.win32_1.0.200.202406191623/tools/bin/../lib/gcc/arm-none-eabi/12.3.1/../../../../arm-none-eabi/lib/thumb/v7e-m+fp/hard/crt0.o
LOAD ./Core/Src/freertos.o
LOAD ./Core/Src/main.o
LOAD ./Core/Src/stm32f4xx_hal_msp.o
LOAD ./Core/Src/stm32f4xx_hal_timebase_tim.o
LOAD ./Core/Src/stm32f4xx_it.o
LOAD ./Core/Src/syscalls.o
LOAD ./Core/Src/sysmem.o
LOAD ./Core/Src/system_stm32f4xx.o
LOAD ./Core/Src/wiznet/DHCP/dhcp.o
LOAD ./Core/Src/wiznet/DNS/dns.o
LOAD ./Core/Src/wiznet/MQTT/MQTTClient.o
LOAD ./Core/Src/wiznet/MQTT/mqtt_interface.o
LOAD ./Core/Src/wiznet/MQTT/MQTTPacket/MQTTConnectClient.o
LOAD ./Core/Src/wiznet/MQTT/MQTTPacket/MQTTConnectServer.o
LOAD ./Core/Src/wiznet/MQTT/MQTTPacket/MQTTDeserializePublish.o
LOAD ./Core/Src/wiznet/MQTT/MQTTPacket/MQTTFormat.o
LOAD ./Core/Src/wiznet/MQTT/MQTTPacket/MQTTPacket.o
LOAD ./Core/Src/wiznet/MQTT/MQTTPacket/MQTTSerializePublish.o
LOAD ./Core/Src/wiznet/MQTT/MQTTPacket/MQTTSubscribeClient.o
LOAD ./Core/Src/wiznet/MQTT/MQTTPacket/MQTTSubscribeServer.o
LOAD ./Core/Src/wiznet/MQTT/MQTTPacket/MQTTUnsubscribeClient.o
LOAD ./Core/Src/wiznet/MQTT/MQTTPacket/MQTTUnsubscribeServer.o
LOAD ./Core/Src/wiznet/W5500/w5500.o
LOAD ./Core/Src/wiznet/socket.o
LOAD ./Core/Src/wiznet/w5500_spi.o
LOAD ./Core/Src/wiznet/wizchip_conf.o
LOAD ./Core/Startup/startup_stm32f401retx.o
LOAD ./Drivers/STM32F4xx_HAL_Driver/Src/stm32f4xx_hal.o
LOAD ./Drivers/STM32F4xx_HAL_Driver/Src/stm32f4xx_hal_cortex.o
LOAD ./Drivers/STM32F4xx_HAL_Driver/Src/stm32f4xx_hal_dma.o
LOAD ./Drivers/STM32F4xx_HAL_Driver/Src/stm32f4xx_hal_dma_ex.o
LOAD ./Drivers/STM32F4xx_HAL_Driver/Src/stm32f4xx_hal_exti.o
LOAD ./Drivers/STM32F4xx_HAL_Driver/Src/stm32f4xx_hal_flash.o
LOAD ./Drivers/STM32F4xx_HAL_Driver/Src/stm32f4xx_hal_flash_ex.o
LOAD ./Drivers/STM32F4xx_HAL_Driver/Src/stm32f4xx_hal_flash_ramfunc.o
LOAD ./Drivers/STM32F4xx_HAL_Driver/Src/stm32f4xx_hal_gpio.o
LOAD ./Drivers/STM32F4xx_HAL_Driver/Src/stm32f4xx_hal_pwr.o
LOAD ./Drivers/STM32F4xx_HAL_Driver/Src/stm32f4xx_hal_pwr_ex.o
LOAD ./Drivers/STM32F4xx_HAL_Driver/Src/stm32f4xx_hal_rcc.o
LOAD ./Drivers/STM32F4xx_HAL_Driver/Src/stm32f4xx_hal_rcc_ex.o
LOAD ./Drivers/STM32F4xx_HAL_Driver/Src/stm32f4xx_hal_spi.o
LOAD ./Drivers/STM32F4xx_HAL_Driver/Src/stm32f4xx_hal_tim.o
LOAD ./Drivers/STM32F4xx_HAL_Driver/Src/stm32f4xx_hal_tim_ex.o
LOAD ./Drivers/STM32F4xx_HAL_Driver/Src/stm32f4xx_hal_uart.o
LOAD ./Middlewares/Third_Party/FreeRTOS/Source/CMSIS_RTOS_V2/cmsis_os2.o
LOAD ./Middlewares/Third_Party/FreeRTOS/Source/croutine.o
LOAD ./Middlewares/Third_Party/FreeRTOS/Source/event_groups.o
LOAD ./Middlewares/Third_Party/FreeRTOS/Source/list.o
LOAD ./Middlewares/Third_Party/FreeRTOS/Source/queue.o
LOAD ./Middlewares/Third_Party/FreeRTOS/Source/stream_buffer.o
LOAD ./Middlewares/Third_Party/FreeRTOS/Source/tasks.o
LOAD ./Middlewares/Third_Party/FreeRTOS/Source/timers.o
LOAD ./Middlewares/Third_Party/FreeRTOS/Source/portable/GCC/ARM_CM4F/port.o
LOAD ./Middlewares/Third_Party/FreeRTOS/Source/portable/MemMang/heap_4.o
START GROUP
LOAD C:/ST/STM32CubeIDE_1.16.1/STM32CubeIDE/plugins/com.st.stm32cube.ide.mcu.externaltools.gnu-tools-for-stm32.12.3.rel1.win32_1.0.200.202406191623/tools/bin/../lib/gcc/arm-none-eabi/12.3.1/../../../../arm-none-eabi/lib/thumb/v7e-m+fp/hard\libc_nano.a
LOAD C:/ST/STM32CubeIDE_1.16.1/STM32CubeIDE/plugins/com.st.stm32cube.ide.mcu.externaltools.gnu-tools-for-stm32.12.3.rel1.win32_1.0.200.202406191623/tools/bin/../lib/gcc/arm-none-eabi/12.3.1/../../../../arm-none-eabi/lib/thumb/v7e-m+fp/hard\libm.a
END GROUP
START GROUP
LOAD C:/ST/STM32CubeIDE_1.16.1/STM32CubeIDE/plugins/com.st.stm32cube.ide.mcu.externaltools.gnu-tools-for-stm32.12.3.rel1.win32_1.0.200.202406191623/tools/bin/../lib/gcc/arm-none-eabi/12.3.1/thumb/v7e-m+fp/hard\libgcc.a
LOAD C:/ST/STM32CubeIDE_1.16.1/STM32CubeIDE/plugins/com.st.stm32cube.ide.mcu.externaltools.gnu-tools-for-stm32.12.3.rel1.win32_1.0.200.202406191623/tools/bin/../lib/gcc/arm-none-eabi/12.3.1/../../../../arm-none-eabi/lib/thumb/v7e-m+fp/hard\libc_nano.a
END GROUP
START GROUP
LOAD C:/ST/STM32CubeIDE_1.16.1/STM32CubeIDE/plugins/com.st.stm32cube.ide.mcu.externaltools.gnu-tools-for-stm32.12.3.rel1.win32_1.0.200.202406191623/tools/bin/../lib/gcc/arm-none-eabi/12.3.1/thumb/v7e-m+fp/hard\libgcc.a
LOAD C:/ST/STM32CubeIDE_1.16.1/STM32CubeIDE/plugins/com.st.stm32cube.ide.mcu.externaltools.gnu-tools-for-stm32.12.3.rel1.win32_1.0.200.202406191623/tools/bin/../lib/gcc/arm-none-eabi/12.3.1/../../../../arm-none-eabi/lib/thumb/v7e-m+fp/hard\libc_nano.a
LOAD C:/ST/STM32CubeIDE_1.16.1/STM32CubeIDE/plugins/com.st.stm32cube.ide.mcu.externaltools.gnu-tools-for-stm32.12.3.rel1.win32_1.0.200.202406191623/tools/bin/../lib/gcc/arm-none-eabi/12.3.1/../../../../arm-none-eabi/lib/thumb/v7e-m+fp/hard\libnosys.a
END GROUP
START GROUP
LOAD C:/ST/STM32CubeIDE_1.16.1/STM32CubeIDE/plugins/com.st.stm32cube.ide.mcu.externaltools.gnu-tools-for-stm32.12.3.rel1.win32_1.0.200.202406191623/tools/bin/../lib/gcc/arm-none-eabi/12.3.1/thumb/v7e-m+fp/hard\libgcc.a
LOAD C:/ST/STM32CubeIDE_1.16.1/STM32CubeIDE/plugins/com.st.stm32cube.ide.mcu.externaltools.gnu-tools-for-stm32.12.3.rel1.win32_1.0.200.202406191623/tools/bin/../lib/gcc/arm-none-eabi/12.3.1/../../../../arm-none-eabi/lib/thumb/v7e-m+fp/hard\libc_nano.a
LOAD C:/ST/STM32CubeIDE_1.16.1/STM32CubeIDE/plugins/com.st.stm32cube.ide.mcu.externaltools.gnu-tools-for-stm32.12.3.rel1.win32_1.0.200.202406191623/tools/bin/../lib/gcc/arm-none-eabi/12.3.1/../../../../arm-none-eabi/lib/thumb/v7e-m+fp/hard\libnosys.a
END GROUP
LOAD C:/ST/STM32CubeIDE_1.16.1/STM32CubeIDE/plugins/com.st.stm32cube.ide.mcu.externaltools.gnu-tools-for-stm32.12.3.rel1.win32_1.0.200.202406191623/tools/bin/../lib/gcc/arm-none-eabi/12.3.1/thumb/v7e-m+fp/hard/crtend.o
LOAD C:/ST/STM32CubeIDE_1.16.1/STM32CubeIDE/plugins/com.st.stm32cube.ide.mcu.externaltools.gnu-tools-for-stm32.12.3.rel1.win32_1.0.200.202406191623/tools/bin/../lib/gcc/arm-none-eabi/12.3.1/thumb/v7e-m+fp/hard/crtn.o
                0x20018000                        _estack = (ORIGIN (RAM) + LENGTH (RAM))
                0x00000200                        _Min_Heap_Size = 0x200
                0x00000400                        _Min_Stack_Size = 0x400

.isr_vector     0x08000000      0x194
                0x08000000                        . = ALIGN (0x4)
 *(.isr_vector)
 .isr_vector    0x08000000      0x194 ./Core/Startup/startup_stm32f401retx.o
                0x08000000                g_pfnVectors
                0x08000194                        . = ALIGN (0x4)

.text           0x080001a0     0xd1a0
                0x080001a0                        . = ALIGN (0x4)
 *(.text)
 .text          0x080001a0       0x40 C:/ST/STM32CubeIDE_1.16.1/STM32CubeIDE/plugins/com.st.stm32cube.ide.mcu.externaltools.gnu-tools-for-stm32.12.3.rel1.win32_1.0.200.202406191623/tools/bin/../lib/gcc/arm-none-eabi/12.3.1/thumb/v7e-m+fp/hard/crtbegin.o
 .text          0x080001e0       0x10 C:/ST/STM32CubeIDE_1.16.1/STM32CubeIDE/plugins/com.st.stm32cube.ide.mcu.externaltools.gnu-tools-for-stm32.12.3.rel1.win32_1.0.200.202406191623/tools/bin/../lib/gcc/arm-none-eabi/12.3.1/../../../../arm-none-eabi/lib/thumb/v7e-m+fp/hard\libc_nano.a(libc_a-strlen.o)
                0x080001e0                strlen
 .text          0x080001f0       0xa0 C:/ST/STM32CubeIDE_1.16.1/STM32CubeIDE/plugins/com.st.stm32cube.ide.mcu.externaltools.gnu-tools-for-stm32.12.3.rel1.win32_1.0.200.202406191623/tools/bin/../lib/gcc/arm-none-eabi/12.3.1/../../../../arm-none-eabi/lib/thumb/v7e-m+fp/hard\libc_nano.a(libc_a-memchr.o)
                0x080001f0                memchr
 .text          0x08000290       0x30 C:/ST/STM32CubeIDE_1.16.1/STM32CubeIDE/plugins/com.st.stm32cube.ide.mcu.externaltools.gnu-tools-for-stm32.12.3.rel1.win32_1.0.200.202406191623/tools/bin/../lib/gcc/arm-none-eabi/12.3.1/thumb/v7e-m+fp/hard\libgcc.a(_aeabi_uldivmod.o)
                0x08000290                __aeabi_uldivmod
 .text          0x080002c0      0x2bc C:/ST/STM32CubeIDE_1.16.1/STM32CubeIDE/plugins/com.st.stm32cube.ide.mcu.externaltools.gnu-tools-for-stm32.12.3.rel1.win32_1.0.200.202406191623/tools/bin/../lib/gcc/arm-none-eabi/12.3.1/thumb/v7e-m+fp/hard\libgcc.a(_udivmoddi4.o)
                0x080002c0                __udivmoddi4
 .text          0x0800057c        0x4 C:/ST/STM32CubeIDE_1.16.1/STM32CubeIDE/plugins/com.st.stm32cube.ide.mcu.externaltools.gnu-tools-for-stm32.12.3.rel1.win32_1.0.200.202406191623/tools/bin/../lib/gcc/arm-none-eabi/12.3.1/thumb/v7e-m+fp/hard\libgcc.a(_dvmd_tls.o)
                0x0800057c                __aeabi_idiv0
                0x0800057c                __aeabi_ldiv0
 *(.text*)
 .text.main     0x08000580       0xd0 ./Core/Src/main.o
                0x08000580                main
 .text.SystemClock_Config
                0x08000650       0xd4 ./Core/Src/main.o
                0x08000650                SystemClock_Config
 .text.MX_SPI1_Init
                0x08000724       0x6c ./Core/Src/main.o
 .text.MX_USART2_UART_Init
                0x08000790       0x54 ./Core/Src/main.o
 .text.MX_GPIO_Init
                0x080007e4       0xdc ./Core/Src/main.o
 .text.InitializeW5500
                0x080008c0       0x40 ./Core/Src/main.o
                0x080008c0                InitializeW5500
 .text.Task_SwitchHandler
                0x08000900       0xbc ./Core/Src/main.o
                0x08000900                Task_SwitchHandler
 .text.Task_MQTTHandler
                0x080009bc      0x330 ./Core/Src/main.o
                0x080009bc                Task_MQTTHandler
 .text.__io_putchar
                0x08000cec       0x24 ./Core/Src/main.o
                0x08000cec                __io_putchar
 .text.PHYStatusCheck
                0x08000d10       0x4c ./Core/Src/main.o
 .text.PrintPHYConf
                0x08000d5c       0x88 ./Core/Src/main.o
 .text.DisplayNetworkConfigurations
                0x08000de4       0xc8 ./Core/Src/main.o
                0x08000de4                DisplayNetworkConfigurations
 .text.OnDHCPIPAssigned
                0x08000eac       0x50 ./Core/Src/main.o
                0x08000eac                OnDHCPIPAssigned
 .text.FlushQueue
                0x08000efc       0x38 ./Core/Src/main.o
                0x08000efc                FlushQueue
 .text.StartDefaultTask
                0x08000f34       0x10 ./Core/Src/main.o
                0x08000f34                StartDefaultTask
 .text.HAL_TIM_PeriodElapsedCallback
                0x08000f44       0x50 ./Core/Src/main.o
                0x08000f44                HAL_TIM_PeriodElapsedCallback
 .text.Error_Handler
                0x08000f94        0xc ./Core/Src/main.o
                0x08000f94                Error_Handler
 .text.HAL_MspInit
                0x08000fa0       0x58 ./Core/Src/stm32f4xx_hal_msp.o
                0x08000fa0                HAL_MspInit
 .text.HAL_SPI_MspInit
                0x08000ff8       0x90 ./Core/Src/stm32f4xx_hal_msp.o
                0x08000ff8                HAL_SPI_MspInit
 .text.HAL_UART_MspInit
                0x08001088       0x90 ./Core/Src/stm32f4xx_hal_msp.o
                0x08001088                HAL_UART_MspInit
 .text.HAL_InitTick
                0x08001118       0xe4 ./Core/Src/stm32f4xx_hal_timebase_tim.o
                0x08001118                HAL_InitTick
 .text.NMI_Handler
                0x080011fc        0x8 ./Core/Src/stm32f4xx_it.o
                0x080011fc                NMI_Handler
 .text.HardFault_Handler
                0x08001204        0x8 ./Core/Src/stm32f4xx_it.o
                0x08001204                HardFault_Handler
 .text.MemManage_Handler
                0x0800120c        0x8 ./Core/Src/stm32f4xx_it.o
                0x0800120c                MemManage_Handler
 .text.BusFault_Handler
                0x08001214        0x8 ./Core/Src/stm32f4xx_it.o
                0x08001214                BusFault_Handler
 .text.UsageFault_Handler
                0x0800121c        0x8 ./Core/Src/stm32f4xx_it.o
                0x0800121c                UsageFault_Handler
 .text.DebugMon_Handler
                0x08001224        0xe ./Core/Src/stm32f4xx_it.o
                0x08001224                DebugMon_Handler
 *fill*         0x08001232        0x2 
 .text.TIM1_UP_TIM10_IRQHandler
                0x08001234       0x14 ./Core/Src/stm32f4xx_it.o
                0x08001234                TIM1_UP_TIM10_IRQHandler
 .text._read    0x08001248       0x3a ./Core/Src/syscalls.o
                0x08001248                _read
 .text._write   0x08001282       0x38 ./Core/Src/syscalls.o
                0x08001282                _write
 .text._close   0x080012ba       0x18 ./Core/Src/syscalls.o
                0x080012ba                _close
 .text._fstat   0x080012d2       0x20 ./Core/Src/syscalls.o
                0x080012d2                _fstat
 .text._isatty  0x080012f2       0x16 ./Core/Src/syscalls.o
                0x080012f2                _isatty
 .text._lseek   0x08001308       0x1a ./Core/Src/syscalls.o
                0x08001308                _lseek
 *fill*         0x08001322        0x2 
 .text._sbrk    0x08001324       0x6c ./Core/Src/sysmem.o
                0x08001324                _sbrk
 .text.SystemInit
                0x08001390       0x24 ./Core/Src/system_stm32f4xx.o
                0x08001390                SystemInit
 .text.default_ip_assign
                0x080013b4       0x38 ./Core/Src/wiznet/DHCP/dhcp.o
                0x080013b4                default_ip_assign
 .text.default_ip_update
                0x080013ec       0x2c ./Core/Src/wiznet/DHCP/dhcp.o
                0x080013ec                default_ip_update
 .text.default_ip_conflict
                0x08001418       0x28 ./Core/Src/wiznet/DHCP/dhcp.o
                0x08001418                default_ip_conflict
 .text.reg_dhcp_cbfunc
                0x08001440       0x68 ./Core/Src/wiznet/DHCP/dhcp.o
                0x08001440                reg_dhcp_cbfunc
 .text.makeDHCPMSG
                0x080014a8      0x1ec ./Core/Src/wiznet/DHCP/dhcp.o
                0x080014a8                makeDHCPMSG
 .text.send_DHCP_DISCOVER
                0x08001694      0x398 ./Core/Src/wiznet/DHCP/dhcp.o
                0x08001694                send_DHCP_DISCOVER
 .text.send_DHCP_REQUEST
                0x08001a2c      0x520 ./Core/Src/wiznet/DHCP/dhcp.o
                0x08001a2c                send_DHCP_REQUEST
 .text.send_DHCP_DECLINE
                0x08001f4c      0x2ac ./Core/Src/wiznet/DHCP/dhcp.o
                0x08001f4c                send_DHCP_DECLINE
 .text.parseDHCPMSG
                0x080021f8      0x480 ./Core/Src/wiznet/DHCP/dhcp.o
                0x080021f8                parseDHCPMSG
 .text.DHCP_run
                0x08002678      0x298 ./Core/Src/wiznet/DHCP/dhcp.o
                0x08002678                DHCP_run
 .text.check_DHCP_timeout
                0x08002910       0xc0 ./Core/Src/wiznet/DHCP/dhcp.o
                0x08002910                check_DHCP_timeout
 .text.check_DHCP_leasedIP
                0x080029d0       0x88 ./Core/Src/wiznet/DHCP/dhcp.o
                0x080029d0                check_DHCP_leasedIP
 .text.DHCP_init
                0x08002a58      0x128 ./Core/Src/wiznet/DHCP/dhcp.o
                0x08002a58                DHCP_init
 .text.reset_DHCP_timeout
                0x08002b80       0x2c ./Core/Src/wiznet/DHCP/dhcp.o
                0x08002b80                reset_DHCP_timeout
 .text.DHCP_time_handler
                0x08002bac       0x1c ./Core/Src/wiznet/DHCP/dhcp.o
                0x08002bac                DHCP_time_handler
 .text.getIPfromDHCP
                0x08002bc8       0x40 ./Core/Src/wiznet/DHCP/dhcp.o
                0x08002bc8                getIPfromDHCP
 .text.getGWfromDHCP
                0x08002c08       0x40 ./Core/Src/wiznet/DHCP/dhcp.o
                0x08002c08                getGWfromDHCP
 .text.getSNfromDHCP
                0x08002c48       0x40 ./Core/Src/wiznet/DHCP/dhcp.o
                0x08002c48                getSNfromDHCP
 .text.getDNSfromDHCP
                0x08002c88       0x40 ./Core/Src/wiznet/DHCP/dhcp.o
                0x08002c88                getDNSfromDHCP
 .text.NibbleToHex
                0x08002cc8       0x32 ./Core/Src/wiznet/DHCP/dhcp.o
                0x08002cc8                NibbleToHex
 .text.get16    0x08002cfa       0x2e ./Core/Src/wiznet/DNS/dns.o
                0x08002cfa                get16
 .text.put16    0x08002d28       0x36 ./Core/Src/wiznet/DNS/dns.o
                0x08002d28                put16
 .text.parse_name
                0x08002d5e      0x10e ./Core/Src/wiznet/DNS/dns.o
                0x08002d5e                parse_name
 .text.dns_question
                0x08002e6c       0x4a ./Core/Src/wiznet/DNS/dns.o
                0x08002e6c                dns_question
 .text.dns_answer
                0x08002eb6      0x228 ./Core/Src/wiznet/DNS/dns.o
                0x08002eb6                dns_answer
 .text.parseDNSMSG
                0x080030de      0x18e ./Core/Src/wiznet/DNS/dns.o
                0x080030de                parseDNSMSG
 .text.dns_makequery
                0x0800326c      0x17c ./Core/Src/wiznet/DNS/dns.o
                0x0800326c                dns_makequery
 .text.check_DNS_timeout
                0x080033e8       0x4c ./Core/Src/wiznet/DNS/dns.o
                0x080033e8                check_DNS_timeout
 .text.DNS_init
                0x08003434       0x38 ./Core/Src/wiznet/DNS/dns.o
                0x08003434                DNS_init
 .text.DNS_run  0x0800346c      0x198 ./Core/Src/wiznet/DNS/dns.o
                0x0800346c                DNS_run
 .text.DNS_time_handler
                0x08003604       0x1c ./Core/Src/wiznet/DNS/dns.o
                0x08003604                DNS_time_handler
 .text.NewMessageData
                0x08003620       0x24 ./Core/Src/wiznet/MQTT/MQTTClient.o
 .text.getNextPacketId
                0x08003644       0x32 ./Core/Src/wiznet/MQTT/MQTTClient.o
 .text.sendPacket
                0x08003676       0x92 ./Core/Src/wiznet/MQTT/MQTTClient.o
 .text.MQTTClientInit
                0x08003708       0x8a ./Core/Src/wiznet/MQTT/MQTTClient.o
                0x08003708                MQTTClientInit
 .text.decodePacket
                0x08003792       0x88 ./Core/Src/wiznet/MQTT/MQTTClient.o
 .text.readPacket
                0x0800381a      0x108 ./Core/Src/wiznet/MQTT/MQTTClient.o
 .text.isTopicMatched
                0x08003922       0xd2 ./Core/Src/wiznet/MQTT/MQTTClient.o
 .text.deliverMessage
                0x080039f4       0xd0 ./Core/Src/wiznet/MQTT/MQTTClient.o
                0x080039f4                deliverMessage
 .text.keepalive
                0x08003ac4       0xa2 ./Core/Src/wiznet/MQTT/MQTTClient.o
                0x08003ac4                keepalive
 .text.MQTTCleanSession
                0x08003b66       0x38 ./Core/Src/wiznet/MQTT/MQTTClient.o
                0x08003b66                MQTTCleanSession
 .text.MQTTCloseSession
                0x08003b9e       0x2a ./Core/Src/wiznet/MQTT/MQTTClient.o
                0x08003b9e                MQTTCloseSession
 .text.cycle    0x08003bc8      0x200 ./Core/Src/wiznet/MQTT/MQTTClient.o
                0x08003bc8                cycle
 .text.MQTTYield
                0x08003dc8       0x5a ./Core/Src/wiznet/MQTT/MQTTClient.o
                0x08003dc8                MQTTYield
 .text.MQTTIsConnected
                0x08003e22       0x18 ./Core/Src/wiznet/MQTT/MQTTClient.o
                0x08003e22                MQTTIsConnected
 .text.waitfor  0x08003e3a       0x44 ./Core/Src/wiznet/MQTT/MQTTClient.o
                0x08003e3a                waitfor
 *fill*         0x08003e7e        0x2 
 .text.MQTTConnectWithResults
                0x08003e80      0x124 ./Core/Src/wiznet/MQTT/MQTTClient.o
                0x08003e80                MQTTConnectWithResults
 .text.MQTTConnect
                0x08003fa4       0x22 ./Core/Src/wiznet/MQTT/MQTTClient.o
                0x08003fa4                MQTTConnect
 .text.MQTTPublish
                0x08003fc6      0x18c ./Core/Src/wiznet/MQTT/MQTTClient.o
                0x08003fc6                MQTTPublish
 *fill*         0x08004152        0x2 
 .text.MilliTimer_Handler
                0x08004154       0x1c ./Core/Src/wiznet/MQTT/mqtt_interface.o
                0x08004154                MilliTimer_Handler
 .text.TimerInit
                0x08004170       0x1a ./Core/Src/wiznet/MQTT/mqtt_interface.o
                0x08004170                TimerInit
 *fill*         0x0800418a        0x2 
 .text.TimerIsExpired
                0x0800418c       0x2c ./Core/Src/wiznet/MQTT/mqtt_interface.o
                0x0800418c                TimerIsExpired
 .text.TimerCountdownMS
                0x080041b8       0x28 ./Core/Src/wiznet/MQTT/mqtt_interface.o
                0x080041b8                TimerCountdownMS
 .text.TimerCountdown
                0x080041e0       0x30 ./Core/Src/wiznet/MQTT/mqtt_interface.o
                0x080041e0                TimerCountdown
 .text.TimerLeftMS
                0x08004210       0x2c ./Core/Src/wiznet/MQTT/mqtt_interface.o
                0x08004210                TimerLeftMS
 .text.NewNetwork
                0x0800423c       0x3c ./Core/Src/wiznet/MQTT/mqtt_interface.o
                0x0800423c                NewNetwork
 .text.w5x00_read
                0x08004278       0x5a ./Core/Src/wiznet/MQTT/mqtt_interface.o
                0x08004278                w5x00_read
 .text.w5x00_write
                0x080042d2       0x48 ./Core/Src/wiznet/MQTT/mqtt_interface.o
                0x080042d2                w5x00_write
 .text.w5x00_disconnect
                0x0800431a       0x1c ./Core/Src/wiznet/MQTT/mqtt_interface.o
                0x0800431a                w5x00_disconnect
 .text.ConnectNetwork
                0x08004336       0x58 ./Core/Src/wiznet/MQTT/mqtt_interface.o
                0x08004336                ConnectNetwork
 .text.MQTTSerialize_connectLength
                0x0800438e       0xc2 ./Core/Src/wiznet/MQTT/MQTTPacket/MQTTConnectClient.o
                0x0800438e                MQTTSerialize_connectLength
 .text.MQTTSerialize_connect
                0x08004450      0x1d8 ./Core/Src/wiznet/MQTT/MQTTPacket/MQTTConnectClient.o
                0x08004450                MQTTSerialize_connect
 .text.MQTTDeserialize_connack
                0x08004628       0xaa ./Core/Src/wiznet/MQTT/MQTTPacket/MQTTConnectClient.o
                0x08004628                MQTTDeserialize_connack
 .text.MQTTSerialize_zero
                0x080046d2       0x70 ./Core/Src/wiznet/MQTT/MQTTPacket/MQTTConnectClient.o
                0x080046d2                MQTTSerialize_zero
 .text.MQTTSerialize_pingreq
                0x08004742       0x1e ./Core/Src/wiznet/MQTT/MQTTPacket/MQTTConnectClient.o
                0x08004742                MQTTSerialize_pingreq
 .text.MQTTDeserialize_publish
                0x08004760       0xe4 ./Core/Src/wiznet/MQTT/MQTTPacket/MQTTDeserializePublish.o
                0x08004760                MQTTDeserialize_publish
 .text.MQTTDeserialize_ack
                0x08004844       0x96 ./Core/Src/wiznet/MQTT/MQTTPacket/MQTTDeserializePublish.o
                0x08004844                MQTTDeserialize_ack
 .text.MQTTPacket_encode
                0x080048da       0x5e ./Core/Src/wiznet/MQTT/MQTTPacket/MQTTPacket.o
                0x080048da                MQTTPacket_encode
 .text.MQTTPacket_decode
                0x08004938       0x78 ./Core/Src/wiznet/MQTT/MQTTPacket/MQTTPacket.o
                0x08004938                MQTTPacket_decode
 .text.MQTTPacket_len
                0x080049b0       0x54 ./Core/Src/wiznet/MQTT/MQTTPacket/MQTTPacket.o
                0x080049b0                MQTTPacket_len
 .text.bufchar  0x08004a04       0x40 ./Core/Src/wiznet/MQTT/MQTTPacket/MQTTPacket.o
                0x08004a04                bufchar
 .text.MQTTPacket_decodeBuf
                0x08004a44       0x2c ./Core/Src/wiznet/MQTT/MQTTPacket/MQTTPacket.o
                0x08004a44                MQTTPacket_decodeBuf
 .text.readInt  0x08004a70       0x36 ./Core/Src/wiznet/MQTT/MQTTPacket/MQTTPacket.o
                0x08004a70                readInt
 .text.readChar
                0x08004aa6       0x28 ./Core/Src/wiznet/MQTT/MQTTPacket/MQTTPacket.o
                0x08004aa6                readChar
 .text.writeChar
                0x08004ace       0x2a ./Core/Src/wiznet/MQTT/MQTTPacket/MQTTPacket.o
                0x08004ace                writeChar
 .text.writeInt
                0x08004af8       0x52 ./Core/Src/wiznet/MQTT/MQTTPacket/MQTTPacket.o
                0x08004af8                writeInt
 .text.writeCString
                0x08004b4a       0x3e ./Core/Src/wiznet/MQTT/MQTTPacket/MQTTPacket.o
                0x08004b4a                writeCString
 .text.writeMQTTString
                0x08004b88       0x5c ./Core/Src/wiznet/MQTT/MQTTPacket/MQTTPacket.o
                0x08004b88                writeMQTTString
 .text.readMQTTLenString
                0x08004be4       0x62 ./Core/Src/wiznet/MQTT/MQTTPacket/MQTTPacket.o
                0x08004be4                readMQTTLenString
 .text.MQTTstrlen
                0x08004c46       0x32 ./Core/Src/wiznet/MQTT/MQTTPacket/MQTTPacket.o
                0x08004c46                MQTTstrlen
 .text.MQTTPacket_equals
                0x08004c78       0x6e ./Core/Src/wiznet/MQTT/MQTTPacket/MQTTPacket.o
                0x08004c78                MQTTPacket_equals
 .text.MQTTSerialize_publishLength
                0x08004ce6       0x40 ./Core/Src/wiznet/MQTT/MQTTPacket/MQTTSerializePublish.o
                0x08004ce6                MQTTSerialize_publishLength
 .text.MQTTSerialize_publish
                0x08004d26       0xec ./Core/Src/wiznet/MQTT/MQTTPacket/MQTTSerializePublish.o
                0x08004d26                MQTTSerialize_publish
 .text.MQTTSerialize_ack
                0x08004e12       0xaa ./Core/Src/wiznet/MQTT/MQTTPacket/MQTTSerializePublish.o
                0x08004e12                MQTTSerialize_ack
 .text.WIZCHIP_READ
                0x08004ebc       0x98 ./Core/Src/wiznet/W5500/w5500.o
                0x08004ebc                WIZCHIP_READ
 .text.WIZCHIP_WRITE
                0x08004f54       0x9c ./Core/Src/wiznet/W5500/w5500.o
                0x08004f54                WIZCHIP_WRITE
 .text.WIZCHIP_READ_BUF
                0x08004ff0       0xc0 ./Core/Src/wiznet/W5500/w5500.o
                0x08004ff0                WIZCHIP_READ_BUF
 .text.WIZCHIP_WRITE_BUF
                0x080050b0       0xc0 ./Core/Src/wiznet/W5500/w5500.o
                0x080050b0                WIZCHIP_WRITE_BUF
 .text.getSn_TX_FSR
                0x08005170       0x92 ./Core/Src/wiznet/W5500/w5500.o
                0x08005170                getSn_TX_FSR
 .text.getSn_RX_RSR
                0x08005202       0x92 ./Core/Src/wiznet/W5500/w5500.o
                0x08005202                getSn_RX_RSR
 .text.wiz_send_data
                0x08005294       0xb4 ./Core/Src/wiznet/W5500/w5500.o
                0x08005294                wiz_send_data
 .text.wiz_recv_data
                0x08005348       0xb4 ./Core/Src/wiznet/W5500/w5500.o
                0x08005348                wiz_recv_data
 .text.wiz_recv_ignore
                0x080053fc       0x8c ./Core/Src/wiznet/W5500/w5500.o
                0x080053fc                wiz_recv_ignore
 .text.socket   0x08005488      0x228 ./Core/Src/wiznet/socket.o
                0x08005488                socket
 .text.close    0x080056b0       0xdc ./Core/Src/wiznet/socket.o
                0x080056b0                close
 .text.connect  0x0800578c      0x1b8 ./Core/Src/wiznet/socket.o
                0x0800578c                connect
 .text.disconnect
                0x08005944       0xec ./Core/Src/wiznet/socket.o
                0x08005944                disconnect
 .text.send     0x08005a30      0x1f0 ./Core/Src/wiznet/socket.o
                0x08005a30                send
 .text.recv     0x08005c20      0x168 ./Core/Src/wiznet/socket.o
                0x08005c20                recv
 .text.sendto   0x08005d88      0x268 ./Core/Src/wiznet/socket.o
                0x08005d88                sendto
 .text.recvfrom
                0x08005ff0      0x3d8 ./Core/Src/wiznet/socket.o
                0x08005ff0                recvfrom
 .text.SPIReadWrite
                0x080063c8       0x50 ./Core/Src/wiznet/w5500_spi.o
                0x080063c8                SPIReadWrite
 .text.wizchip_select
                0x08006418       0x18 ./Core/Src/wiznet/w5500_spi.o
                0x08006418                wizchip_select
 .text.wizchip_deselect
                0x08006430       0x18 ./Core/Src/wiznet/w5500_spi.o
                0x08006430                wizchip_deselect
 .text.wizchip_reset_high
                0x08006448       0x18 ./Core/Src/wiznet/w5500_spi.o
                0x08006448                wizchip_reset_high
 .text.wizchip_reset_low
                0x08006460       0x18 ./Core/Src/wiznet/w5500_spi.o
                0x08006460                wizchip_reset_low
 .text.wizchip_read
                0x08006478       0x1a ./Core/Src/wiznet/w5500_spi.o
                0x08006478                wizchip_read
 .text.wizchip_write
                0x08006492       0x1a ./Core/Src/wiznet/w5500_spi.o
                0x08006492                wizchip_write
 .text.wizchip_readburst
                0x080064ac       0x3e ./Core/Src/wiznet/w5500_spi.o
                0x080064ac                wizchip_readburst
 .text.wizchip_writeburst
                0x080064ea       0x3a ./Core/Src/wiznet/w5500_spi.o
                0x080064ea                wizchip_writeburst
 .text.W5500IOInit
                0x08006524        0xe ./Core/Src/wiznet/w5500_spi.o
                0x08006524                W5500IOInit
 .text.w5500_enter_critical
                0x08006532       0x12 ./Core/Src/wiznet/w5500_spi.o
                0x08006532                w5500_enter_critical
 .text.w5500_exit_critical
                0x08006544       0x12 ./Core/Src/wiznet/w5500_spi.o
                0x08006544                w5500_exit_critical
 *fill*         0x08006556        0x2 
 .text.W5500Init
                0x08006558       0xf4 ./Core/Src/wiznet/w5500_spi.o
                0x08006558                W5500Init
 .text.wizchip_cris_enter
                0x0800664c        0xe ./Core/Src/wiznet/wizchip_conf.o
                0x0800664c                wizchip_cris_enter
 .text.wizchip_cris_exit
                0x0800665a        0xe ./Core/Src/wiznet/wizchip_conf.o
                0x0800665a                wizchip_cris_exit
 .text.wizchip_cs_select
                0x08006668        0xe ./Core/Src/wiznet/wizchip_conf.o
                0x08006668                wizchip_cs_select
 .text.wizchip_cs_deselect
                0x08006676        0xe ./Core/Src/wiznet/wizchip_conf.o
                0x08006676                wizchip_cs_deselect
 .text.wizchip_bus_readdata
                0x08006684       0x1a ./Core/Src/wiznet/wizchip_conf.o
                0x08006684                wizchip_bus_readdata
 .text.wizchip_bus_writedata
                0x0800669e       0x1e ./Core/Src/wiznet/wizchip_conf.o
                0x0800669e                wizchip_bus_writedata
 .text.wizchip_spi_readbyte
                0x080066bc       0x10 ./Core/Src/wiznet/wizchip_conf.o
                0x080066bc                wizchip_spi_readbyte
 .text.wizchip_spi_writebyte
                0x080066cc       0x16 ./Core/Src/wiznet/wizchip_conf.o
                0x080066cc                wizchip_spi_writebyte
 .text.wizchip_spi_readburst
                0x080066e2       0x18 ./Core/Src/wiznet/wizchip_conf.o
                0x080066e2                wizchip_spi_readburst
 .text.wizchip_spi_writeburst
                0x080066fa       0x18 ./Core/Src/wiznet/wizchip_conf.o
                0x080066fa                wizchip_spi_writeburst
 *fill*         0x08006712        0x2 
 .text.reg_wizchip_cris_cbfunc
                0x08006714       0x4c ./Core/Src/wiznet/wizchip_conf.o
                0x08006714                reg_wizchip_cris_cbfunc
 .text.reg_wizchip_cs_cbfunc
                0x08006760       0x4c ./Core/Src/wiznet/wizchip_conf.o
                0x08006760                reg_wizchip_cs_cbfunc
 .text.reg_wizchip_spi_cbfunc
                0x080067ac       0x58 ./Core/Src/wiznet/wizchip_conf.o
                0x080067ac                reg_wizchip_spi_cbfunc
 .text.reg_wizchip_spiburst_cbfunc
                0x08006804       0x58 ./Core/Src/wiznet/wizchip_conf.o
                0x08006804                reg_wizchip_spiburst_cbfunc
 .text.ctlwizchip
                0x0800685c      0x1c0 ./Core/Src/wiznet/wizchip_conf.o
                0x0800685c                ctlwizchip
 .text.ctlnetwork
                0x08006a1c       0x7c ./Core/Src/wiznet/wizchip_conf.o
                0x08006a1c                ctlnetwork
 .text.wizchip_sw_reset
                0x08006a98       0x98 ./Core/Src/wiznet/wizchip_conf.o
                0x08006a98                wizchip_sw_reset
 .text.wizchip_init
                0x08006b30      0x118 ./Core/Src/wiznet/wizchip_conf.o
                0x08006b30                wizchip_init
 .text.wizchip_clrinterrupt
                0x08006c48       0x68 ./Core/Src/wiznet/wizchip_conf.o
                0x08006c48                wizchip_clrinterrupt
 .text.wizchip_getinterrupt
                0x08006cb0       0x4a ./Core/Src/wiznet/wizchip_conf.o
                0x08006cb0                wizchip_getinterrupt
 .text.wizchip_setinterruptmask
                0x08006cfa       0x36 ./Core/Src/wiznet/wizchip_conf.o
                0x08006cfa                wizchip_setinterruptmask
 .text.wizchip_getinterruptmask
                0x08006d30       0x46 ./Core/Src/wiznet/wizchip_conf.o
                0x08006d30                wizchip_getinterruptmask
 .text.wizphy_getphylink
                0x08006d76       0x2c ./Core/Src/wiznet/wizchip_conf.o
                0x08006d76                wizphy_getphylink
 .text.wizphy_getphypmode
                0x08006da2       0x32 ./Core/Src/wiznet/wizchip_conf.o
                0x08006da2                wizphy_getphypmode
 .text.wizphy_reset
                0x08006dd4       0x4e ./Core/Src/wiznet/wizchip_conf.o
                0x08006dd4                wizphy_reset
 .text.wizphy_setphyconf
                0x08006e22       0x84 ./Core/Src/wiznet/wizchip_conf.o
                0x08006e22                wizphy_setphyconf
 *fill*         0x08006ea6        0x2 
 .text.wizphy_getphyconf
                0x08006ea8       0xd4 ./Core/Src/wiznet/wizchip_conf.o
                0x08006ea8                wizphy_getphyconf
 .text.wizphy_setphypmode
                0x08006f7c       0x94 ./Core/Src/wiznet/wizchip_conf.o
                0x08006f7c                wizphy_setphypmode
 .text.wizchip_setnetinfo
                0x08007010       0x80 ./Core/Src/wiznet/wizchip_conf.o
                0x08007010                wizchip_setnetinfo
 .text.wizchip_getnetinfo
                0x08007090       0x80 ./Core/Src/wiznet/wizchip_conf.o
                0x08007090                wizchip_getnetinfo
 .text.wizchip_setnetmode
                0x08007110       0x44 ./Core/Src/wiznet/wizchip_conf.o
                0x08007110                wizchip_setnetmode
 .text.wizchip_getnetmode
                0x08007154       0x10 ./Core/Src/wiznet/wizchip_conf.o
                0x08007154                wizchip_getnetmode
 .text.wizchip_settimeout
                0x08007164       0x42 ./Core/Src/wiznet/wizchip_conf.o
                0x08007164                wizchip_settimeout
 .text.wizchip_gettimeout
                0x080071a6       0x40 ./Core/Src/wiznet/wizchip_conf.o
                0x080071a6                wizchip_gettimeout
 *fill*         0x080071e6        0x2 
 .text.Reset_Handler
                0x080071e8       0x50 ./Core/Startup/startup_stm32f401retx.o
                0x080071e8                Reset_Handler
 .text.Default_Handler
                0x08007238        0x2 ./Core/Startup/startup_stm32f401retx.o
                0x08007238                RTC_Alarm_IRQHandler
                0x08007238                EXTI2_IRQHandler
                0x08007238                SPI4_IRQHandler
                0x08007238                TIM1_CC_IRQHandler
                0x08007238                DMA2_Stream5_IRQHandler
                0x08007238                DMA1_Stream5_IRQHandler
                0x08007238                PVD_IRQHandler
                0x08007238                SDIO_IRQHandler
                0x08007238                TAMP_STAMP_IRQHandler
                0x08007238                EXTI3_IRQHandler
                0x08007238                I2C3_ER_IRQHandler
                0x08007238                EXTI0_IRQHandler
                0x08007238                I2C2_EV_IRQHandler
                0x08007238                DMA1_Stream2_IRQHandler
                0x08007238                FPU_IRQHandler
                0x08007238                DMA2_Stream2_IRQHandler
                0x08007238                SPI1_IRQHandler
                0x08007238                TIM1_BRK_TIM9_IRQHandler
                0x08007238                DMA2_Stream3_IRQHandler
                0x08007238                USART6_IRQHandler
                0x08007238                DMA2_Stream0_IRQHandler
                0x08007238                TIM4_IRQHandler
                0x08007238                I2C1_EV_IRQHandler
                0x08007238                DMA1_Stream6_IRQHandler
                0x08007238                DMA1_Stream1_IRQHandler
                0x08007238                TIM3_IRQHandler
                0x08007238                RCC_IRQHandler
                0x08007238                Default_Handler
                0x08007238                EXTI15_10_IRQHandler
                0x08007238                ADC_IRQHandler
                0x08007238                DMA1_Stream7_IRQHandler
                0x08007238                TIM5_IRQHandler
                0x08007238                DMA2_Stream7_IRQHandler
                0x08007238                I2C3_EV_IRQHandler
                0x08007238                EXTI9_5_IRQHandler
                0x08007238                RTC_WKUP_IRQHandler
                0x08007238                SPI2_IRQHandler
                0x08007238                DMA1_Stream0_IRQHandler
                0x08007238                EXTI4_IRQHandler
                0x08007238                WWDG_IRQHandler
                0x08007238                TIM2_IRQHandler
                0x08007238                OTG_FS_WKUP_IRQHandler
                0x08007238                TIM1_TRG_COM_TIM11_IRQHandler
                0x08007238                EXTI1_IRQHandler
                0x08007238                USART2_IRQHandler
                0x08007238                I2C2_ER_IRQHandler
                0x08007238                DMA2_Stream1_IRQHandler
                0x08007238                FLASH_IRQHandler
                0x08007238                DMA2_Stream4_IRQHandler
                0x08007238                USART1_IRQHandler
                0x08007238                OTG_FS_IRQHandler
                0x08007238                SPI3_IRQHandler
                0x08007238                DMA1_Stream4_IRQHandler
                0x08007238                I2C1_ER_IRQHandler
                0x08007238                DMA2_Stream6_IRQHandler
                0x08007238                DMA1_Stream3_IRQHandler
 *fill*         0x0800723a        0x2 
 .text.HAL_Init
                0x0800723c       0x44 ./Drivers/STM32F4xx_HAL_Driver/Src/stm32f4xx_hal.o
                0x0800723c                HAL_Init
 .text.HAL_IncTick
                0x08007280       0x28 ./Drivers/STM32F4xx_HAL_Driver/Src/stm32f4xx_hal.o
                0x08007280                HAL_IncTick
 .text.HAL_GetTick
                0x080072a8       0x18 ./Drivers/STM32F4xx_HAL_Driver/Src/stm32f4xx_hal.o
                0x080072a8                HAL_GetTick
 .text.HAL_Delay
                0x080072c0       0x48 ./Drivers/STM32F4xx_HAL_Driver/Src/stm32f4xx_hal.o
                0x080072c0                HAL_Delay
 .text.__NVIC_SetPriorityGrouping
                0x08007308       0x48 ./Drivers/STM32F4xx_HAL_Driver/Src/stm32f4xx_hal_cortex.o
 .text.__NVIC_GetPriorityGrouping
                0x08007350       0x1c ./Drivers/STM32F4xx_HAL_Driver/Src/stm32f4xx_hal_cortex.o
 .text.__NVIC_EnableIRQ
                0x0800736c       0x3c ./Drivers/STM32F4xx_HAL_Driver/Src/stm32f4xx_hal_cortex.o
 .text.__NVIC_SetPriority
                0x080073a8       0x54 ./Drivers/STM32F4xx_HAL_Driver/Src/stm32f4xx_hal_cortex.o
 .text.NVIC_EncodePriority
                0x080073fc       0x66 ./Drivers/STM32F4xx_HAL_Driver/Src/stm32f4xx_hal_cortex.o
 .text.HAL_NVIC_SetPriorityGrouping
                0x08007462       0x16 ./Drivers/STM32F4xx_HAL_Driver/Src/stm32f4xx_hal_cortex.o
                0x08007462                HAL_NVIC_SetPriorityGrouping
 .text.HAL_NVIC_SetPriority
                0x08007478       0x38 ./Drivers/STM32F4xx_HAL_Driver/Src/stm32f4xx_hal_cortex.o
                0x08007478                HAL_NVIC_SetPriority
 .text.HAL_NVIC_EnableIRQ
                0x080074b0       0x1c ./Drivers/STM32F4xx_HAL_Driver/Src/stm32f4xx_hal_cortex.o
                0x080074b0                HAL_NVIC_EnableIRQ
 .text.HAL_GPIO_Init
                0x080074cc      0x308 ./Drivers/STM32F4xx_HAL_Driver/Src/stm32f4xx_hal_gpio.o
                0x080074cc                HAL_GPIO_Init
 .text.HAL_GPIO_ReadPin
                0x080077d4       0x30 ./Drivers/STM32F4xx_HAL_Driver/Src/stm32f4xx_hal_gpio.o
                0x080077d4                HAL_GPIO_ReadPin
 .text.HAL_GPIO_WritePin
                0x08007804       0x32 ./Drivers/STM32F4xx_HAL_Driver/Src/stm32f4xx_hal_gpio.o
                0x08007804                HAL_GPIO_WritePin
 *fill*         0x08007836        0x2 
 .text.HAL_RCC_OscConfig
                0x08007838      0x4f0 ./Drivers/STM32F4xx_HAL_Driver/Src/stm32f4xx_hal_rcc.o
                0x08007838                HAL_RCC_OscConfig
 .text.HAL_RCC_ClockConfig
                0x08007d28      0x1cc ./Drivers/STM32F4xx_HAL_Driver/Src/stm32f4xx_hal_rcc.o
                0x08007d28                HAL_RCC_ClockConfig
 .text.HAL_RCC_GetSysClockFreq
                0x08007ef4      0x18c ./Drivers/STM32F4xx_HAL_Driver/Src/stm32f4xx_hal_rcc.o
                0x08007ef4                HAL_RCC_GetSysClockFreq
 .text.HAL_RCC_GetHCLKFreq
                0x08008080       0x18 ./Drivers/STM32F4xx_HAL_Driver/Src/stm32f4xx_hal_rcc.o
                0x08008080                HAL_RCC_GetHCLKFreq
 .text.HAL_RCC_GetPCLK1Freq
                0x08008098       0x28 ./Drivers/STM32F4xx_HAL_Driver/Src/stm32f4xx_hal_rcc.o
                0x08008098                HAL_RCC_GetPCLK1Freq
 .text.HAL_RCC_GetPCLK2Freq
                0x080080c0       0x28 ./Drivers/STM32F4xx_HAL_Driver/Src/stm32f4xx_hal_rcc.o
                0x080080c0                HAL_RCC_GetPCLK2Freq
 .text.HAL_RCC_GetClockConfig
                0x080080e8       0x64 ./Drivers/STM32F4xx_HAL_Driver/Src/stm32f4xx_hal_rcc.o
                0x080080e8                HAL_RCC_GetClockConfig
 .text.HAL_SPI_Init
                0x0800814c      0x112 ./Drivers/STM32F4xx_HAL_Driver/Src/stm32f4xx_hal_spi.o
                0x0800814c                HAL_SPI_Init
 .text.HAL_TIM_Base_Init
                0x0800825e       0x9e ./Drivers/STM32F4xx_HAL_Driver/Src/stm32f4xx_hal_tim.o
                0x0800825e                HAL_TIM_Base_Init
 .text.HAL_TIM_Base_MspInit
                0x080082fc       0x14 ./Drivers/STM32F4xx_HAL_Driver/Src/stm32f4xx_hal_tim.o
                0x080082fc                HAL_TIM_Base_MspInit
 .text.HAL_TIM_Base_Start_IT
                0x08008310       0xc4 ./Drivers/STM32F4xx_HAL_Driver/Src/stm32f4xx_hal_tim.o
                0x08008310                HAL_TIM_Base_Start_IT
 .text.HAL_TIM_IRQHandler
                0x080083d4      0x1e0 ./Drivers/STM32F4xx_HAL_Driver/Src/stm32f4xx_hal_tim.o
                0x080083d4                HAL_TIM_IRQHandler
 .text.HAL_TIM_OC_DelayElapsedCallback
                0x080085b4       0x14 ./Drivers/STM32F4xx_HAL_Driver/Src/stm32f4xx_hal_tim.o
                0x080085b4                HAL_TIM_OC_DelayElapsedCallback
 .text.HAL_TIM_IC_CaptureCallback
                0x080085c8       0x14 ./Drivers/STM32F4xx_HAL_Driver/Src/stm32f4xx_hal_tim.o
                0x080085c8                HAL_TIM_IC_CaptureCallback
 .text.HAL_TIM_PWM_PulseFinishedCallback
                0x080085dc       0x14 ./Drivers/STM32F4xx_HAL_Driver/Src/stm32f4xx_hal_tim.o
                0x080085dc                HAL_TIM_PWM_PulseFinishedCallback
 .text.HAL_TIM_TriggerCallback
                0x080085f0       0x14 ./Drivers/STM32F4xx_HAL_Driver/Src/stm32f4xx_hal_tim.o
                0x080085f0                HAL_TIM_TriggerCallback
 .text.TIM_Base_SetConfig
                0x08008604      0x118 ./Drivers/STM32F4xx_HAL_Driver/Src/stm32f4xx_hal_tim.o
                0x08008604                TIM_Base_SetConfig
 .text.HAL_TIMEx_CommutCallback
                0x0800871c       0x14 ./Drivers/STM32F4xx_HAL_Driver/Src/stm32f4xx_hal_tim_ex.o
                0x0800871c                HAL_TIMEx_CommutCallback
 .text.HAL_TIMEx_BreakCallback
                0x08008730       0x14 ./Drivers/STM32F4xx_HAL_Driver/Src/stm32f4xx_hal_tim_ex.o
                0x08008730                HAL_TIMEx_BreakCallback
 .text.HAL_UART_Init
                0x08008744       0xa0 ./Drivers/STM32F4xx_HAL_Driver/Src/stm32f4xx_hal_uart.o
                0x08008744                HAL_UART_Init
 .text.HAL_UART_Transmit
                0x080087e4      0x116 ./Drivers/STM32F4xx_HAL_Driver/Src/stm32f4xx_hal_uart.o
                0x080087e4                HAL_UART_Transmit
 .text.UART_WaitOnFlagUntilTimeout
                0x080088fa       0xb2 ./Drivers/STM32F4xx_HAL_Driver/Src/stm32f4xx_hal_uart.o
 .text.UART_EndRxTransfer
                0x080089ac       0xc6 ./Drivers/STM32F4xx_HAL_Driver/Src/stm32f4xx_hal_uart.o
 *fill*         0x08008a72        0x2 
 .text.UART_SetConfig
                0x08008a74      0x4e8 ./Drivers/STM32F4xx_HAL_Driver/Src/stm32f4xx_hal_uart.o
 .text.__NVIC_SetPriority
                0x08008f5c       0x54 ./Middlewares/Third_Party/FreeRTOS/Source/CMSIS_RTOS_V2/cmsis_os2.o
 .text.SysTick_Handler
                0x08008fb0       0x20 ./Middlewares/Third_Party/FreeRTOS/Source/CMSIS_RTOS_V2/cmsis_os2.o
                0x08008fb0                SysTick_Handler
 .text.SVC_Setup
                0x08008fd0       0x12 ./Middlewares/Third_Party/FreeRTOS/Source/CMSIS_RTOS_V2/cmsis_os2.o
 *fill*         0x08008fe2        0x2 
 .text.osKernelInitialize
                0x08008fe4       0x48 ./Middlewares/Third_Party/FreeRTOS/Source/CMSIS_RTOS_V2/cmsis_os2.o
                0x08008fe4                osKernelInitialize
 .text.osKernelStart
                0x0800902c       0x4c ./Middlewares/Third_Party/FreeRTOS/Source/CMSIS_RTOS_V2/cmsis_os2.o
                0x0800902c                osKernelStart
 .text.osThreadNew
                0x08009078      0x124 ./Middlewares/Third_Party/FreeRTOS/Source/CMSIS_RTOS_V2/cmsis_os2.o
                0x08009078                osThreadNew
 .text.osDelay  0x0800919c       0x36 ./Middlewares/Third_Party/FreeRTOS/Source/CMSIS_RTOS_V2/cmsis_os2.o
                0x0800919c                osDelay
 .text.osMessageQueueNew
                0x080091d2       0xe6 ./Middlewares/Third_Party/FreeRTOS/Source/CMSIS_RTOS_V2/cmsis_os2.o
                0x080091d2                osMessageQueueNew
 .text.osMessageQueuePut
                0x080092b8       0xc0 ./Middlewares/Third_Party/FreeRTOS/Source/CMSIS_RTOS_V2/cmsis_os2.o
                0x080092b8                osMessageQueuePut
 .text.osMessageQueueGet
                0x08009378       0xbc ./Middlewares/Third_Party/FreeRTOS/Source/CMSIS_RTOS_V2/cmsis_os2.o
                0x08009378                osMessageQueueGet
 .text.vApplicationGetIdleTaskMemory
                0x08009434       0x34 ./Middlewares/Third_Party/FreeRTOS/Source/CMSIS_RTOS_V2/cmsis_os2.o
                0x08009434                vApplicationGetIdleTaskMemory
 .text.vApplicationGetTimerTaskMemory
                0x08009468       0x34 ./Middlewares/Third_Party/FreeRTOS/Source/CMSIS_RTOS_V2/cmsis_os2.o
                0x08009468                vApplicationGetTimerTaskMemory
 .text.vListInitialise
                0x0800949c       0x40 ./Middlewares/Third_Party/FreeRTOS/Source/list.o
                0x0800949c                vListInitialise
 .text.vListInitialiseItem
                0x080094dc       0x1a ./Middlewares/Third_Party/FreeRTOS/Source/list.o
                0x080094dc                vListInitialiseItem
 .text.vListInsertEnd
                0x080094f6       0x48 ./Middlewares/Third_Party/FreeRTOS/Source/list.o
                0x080094f6                vListInsertEnd
 .text.vListInsert
                0x0800953e       0x72 ./Middlewares/Third_Party/FreeRTOS/Source/list.o
                0x0800953e                vListInsert
 .text.uxListRemove
                0x080095b0       0x54 ./Middlewares/Third_Party/FreeRTOS/Source/list.o
                0x080095b0                uxListRemove
 .text.xQueueGenericReset
                0x08009604       0xd4 ./Middlewares/Third_Party/FreeRTOS/Source/queue.o
                0x08009604                xQueueGenericReset
 .text.xQueueGenericCreateStatic
                0x080096d8       0xfa ./Middlewares/Third_Party/FreeRTOS/Source/queue.o
                0x080096d8                xQueueGenericCreateStatic
 .text.xQueueGenericCreate
                0x080097d2       0x76 ./Middlewares/Third_Party/FreeRTOS/Source/queue.o
                0x080097d2                xQueueGenericCreate
 .text.prvInitialiseNewQueue
                0x08009848       0x46 ./Middlewares/Third_Party/FreeRTOS/Source/queue.o
 *fill*         0x0800988e        0x2 
 .text.xQueueGenericSend
                0x08009890      0x204 ./Middlewares/Third_Party/FreeRTOS/Source/queue.o
                0x08009890                xQueueGenericSend
 .text.xQueueGenericSendFromISR
                0x08009a94      0x13c ./Middlewares/Third_Party/FreeRTOS/Source/queue.o
                0x08009a94                xQueueGenericSendFromISR
 .text.xQueueReceive
                0x08009bd0      0x1c4 ./Middlewares/Third_Party/FreeRTOS/Source/queue.o
                0x08009bd0                xQueueReceive
 .text.xQueueReceiveFromISR
                0x08009d94      0x104 ./Middlewares/Third_Party/FreeRTOS/Source/queue.o
                0x08009d94                xQueueReceiveFromISR
 .text.prvCopyDataToQueue
                0x08009e98       0xd4 ./Middlewares/Third_Party/FreeRTOS/Source/queue.o
 .text.prvCopyDataFromQueue
                0x08009f6c       0x4c ./Middlewares/Third_Party/FreeRTOS/Source/queue.o
 .text.prvUnlockQueue
                0x08009fb8       0xa4 ./Middlewares/Third_Party/FreeRTOS/Source/queue.o
 .text.prvIsQueueEmpty
                0x0800a05c       0x2c ./Middlewares/Third_Party/FreeRTOS/Source/queue.o
 .text.prvIsQueueFull
                0x0800a088       0x30 ./Middlewares/Third_Party/FreeRTOS/Source/queue.o
 .text.vQueueAddToRegistry
                0x0800a0b8       0x54 ./Middlewares/Third_Party/FreeRTOS/Source/queue.o
                0x0800a0b8                vQueueAddToRegistry
 .text.vQueueWaitForMessageRestricted
                0x0800a10c       0x68 ./Middlewares/Third_Party/FreeRTOS/Source/queue.o
                0x0800a10c                vQueueWaitForMessageRestricted
 .text.xTaskCreateStatic
                0x0800a174       0xc0 ./Middlewares/Third_Party/FreeRTOS/Source/tasks.o
                0x0800a174                xTaskCreateStatic
 .text.xTaskCreate
                0x0800a234       0x8a ./Middlewares/Third_Party/FreeRTOS/Source/tasks.o
                0x0800a234                xTaskCreate
 *fill*         0x0800a2be        0x2 
 .text.prvInitialiseNewTask
                0x0800a2c0      0x150 ./Middlewares/Third_Party/FreeRTOS/Source/tasks.o
 .text.prvAddNewTaskToReadyList
                0x0800a410       0xe0 ./Middlewares/Third_Party/FreeRTOS/Source/tasks.o
 .text.vTaskDelay
                0x0800a4f0       0x6c ./Middlewares/Third_Party/FreeRTOS/Source/tasks.o
                0x0800a4f0                vTaskDelay
 .text.vTaskStartScheduler
                0x0800a55c       0xe0 ./Middlewares/Third_Party/FreeRTOS/Source/tasks.o
                0x0800a55c                vTaskStartScheduler
 .text.vTaskSuspendAll
                0x0800a63c       0x1c ./Middlewares/Third_Party/FreeRTOS/Source/tasks.o
                0x0800a63c                vTaskSuspendAll
 .text.xTaskResumeAll
                0x0800a658      0x13c ./Middlewares/Third_Party/FreeRTOS/Source/tasks.o
                0x0800a658                xTaskResumeAll
 .text.xTaskGetTickCount
                0x0800a794       0x20 ./Middlewares/Third_Party/FreeRTOS/Source/tasks.o
                0x0800a794                xTaskGetTickCount
 .text.xTaskIncrementTick
                0x0800a7b4      0x174 ./Middlewares/Third_Party/FreeRTOS/Source/tasks.o
                0x0800a7b4                xTaskIncrementTick
 .text.vTaskSwitchContext
                0x0800a928       0xcc ./Middlewares/Third_Party/FreeRTOS/Source/tasks.o
                0x0800a928                vTaskSwitchContext
 .text.vTaskPlaceOnEventList
                0x0800a9f4       0x4c ./Middlewares/Third_Party/FreeRTOS/Source/tasks.o
                0x0800a9f4                vTaskPlaceOnEventList
 .text.vTaskPlaceOnEventListRestricted
                0x0800aa40       0x58 ./Middlewares/Third_Party/FreeRTOS/Source/tasks.o
                0x0800aa40                vTaskPlaceOnEventListRestricted
 .text.xTaskRemoveFromEventList
                0x0800aa98       0xc8 ./Middlewares/Third_Party/FreeRTOS/Source/tasks.o
                0x0800aa98                xTaskRemoveFromEventList
 .text.vTaskInternalSetTimeOutState
                0x0800ab60       0x2c ./Middlewares/Third_Party/FreeRTOS/Source/tasks.o
                0x0800ab60                vTaskInternalSetTimeOutState
 .text.xTaskCheckForTimeOut
                0x0800ab8c       0xc8 ./Middlewares/Third_Party/FreeRTOS/Source/tasks.o
                0x0800ab8c                xTaskCheckForTimeOut
 .text.vTaskMissedYield
                0x0800ac54       0x18 ./Middlewares/Third_Party/FreeRTOS/Source/tasks.o
                0x0800ac54                vTaskMissedYield
 .text.prvIdleTask
                0x0800ac6c       0x30 ./Middlewares/Third_Party/FreeRTOS/Source/tasks.o
 .text.prvInitialiseTaskLists
                0x0800ac9c       0x80 ./Middlewares/Third_Party/FreeRTOS/Source/tasks.o
 .text.prvCheckTasksWaitingTermination
                0x0800ad1c       0x5c ./Middlewares/Third_Party/FreeRTOS/Source/tasks.o
 .text.prvDeleteTCB
                0x0800ad78       0x6a ./Middlewares/Third_Party/FreeRTOS/Source/tasks.o
 *fill*         0x0800ade2        0x2 
 .text.prvResetNextTaskUnblockTime
                0x0800ade4       0x40 ./Middlewares/Third_Party/FreeRTOS/Source/tasks.o
 .text.xTaskGetSchedulerState
                0x0800ae24       0x3c ./Middlewares/Third_Party/FreeRTOS/Source/tasks.o
                0x0800ae24                xTaskGetSchedulerState
 .text.xTaskPriorityDisinherit
                0x0800ae60       0xe0 ./Middlewares/Third_Party/FreeRTOS/Source/tasks.o
                0x0800ae60                xTaskPriorityDisinherit
 .text.prvAddCurrentTaskToDelayedList
                0x0800af40       0xa8 ./Middlewares/Third_Party/FreeRTOS/Source/tasks.o
 .text.xTimerCreateTimerTask
                0x0800afe8       0x94 ./Middlewares/Third_Party/FreeRTOS/Source/timers.o
                0x0800afe8                xTimerCreateTimerTask
 .text.xTimerGenericCommand
                0x0800b07c       0x9c ./Middlewares/Third_Party/FreeRTOS/Source/timers.o
                0x0800b07c                xTimerGenericCommand
 .text.prvProcessExpiredTimer
                0x0800b118       0x9c ./Middlewares/Third_Party/FreeRTOS/Source/timers.o
 .text.prvTimerTask
                0x0800b1b4       0x26 ./Middlewares/Third_Party/FreeRTOS/Source/timers.o
 *fill*         0x0800b1da        0x2 
 .text.prvProcessTimerOrBlockTask
                0x0800b1dc       0x9c ./Middlewares/Third_Party/FreeRTOS/Source/timers.o
 .text.prvGetNextExpireTime
                0x0800b278       0x48 ./Middlewares/Third_Party/FreeRTOS/Source/timers.o
 .text.prvSampleTimeNow
                0x0800b2c0       0x40 ./Middlewares/Third_Party/FreeRTOS/Source/timers.o
 .text.prvInsertTimerInActiveList
                0x0800b300       0x84 ./Middlewares/Third_Party/FreeRTOS/Source/timers.o
 .text.prvProcessReceivedCommands
                0x0800b384      0x1cc ./Middlewares/Third_Party/FreeRTOS/Source/timers.o
 .text.prvSwitchTimerLists
                0x0800b550       0xcc ./Middlewares/Third_Party/FreeRTOS/Source/timers.o
 .text.prvCheckForValidListAndQueue
                0x0800b61c       0x80 ./Middlewares/Third_Party/FreeRTOS/Source/timers.o
 .text.pxPortInitialiseStack
                0x0800b69c       0x68 ./Middlewares/Third_Party/FreeRTOS/Source/portable/GCC/ARM_CM4F/port.o
                0x0800b69c                pxPortInitialiseStack
 .text.prvTaskExitError
                0x0800b704       0x5c ./Middlewares/Third_Party/FreeRTOS/Source/portable/GCC/ARM_CM4F/port.o
 .text.SVC_Handler
                0x0800b760       0x28 ./Middlewares/Third_Party/FreeRTOS/Source/portable/GCC/ARM_CM4F/port.o
                0x0800b760                SVC_Handler
 .text.prvPortStartFirstTask
                0x0800b788       0x28 ./Middlewares/Third_Party/FreeRTOS/Source/portable/GCC/ARM_CM4F/port.o
 .text.xPortStartScheduler
                0x0800b7b0      0x148 ./Middlewares/Third_Party/FreeRTOS/Source/portable/GCC/ARM_CM4F/port.o
                0x0800b7b0                xPortStartScheduler
 .text.vPortEnterCritical
                0x0800b8f8       0x64 ./Middlewares/Third_Party/FreeRTOS/Source/portable/GCC/ARM_CM4F/port.o
                0x0800b8f8                vPortEnterCritical
 .text.vPortExitCritical
                0x0800b95c       0x54 ./Middlewares/Third_Party/FreeRTOS/Source/portable/GCC/ARM_CM4F/port.o
                0x0800b95c                vPortExitCritical
 .text.PendSV_Handler
                0x0800b9b0       0x68 ./Middlewares/Third_Party/FreeRTOS/Source/portable/GCC/ARM_CM4F/port.o
                0x0800b9b0                PendSV_Handler
 .text.xPortSysTickHandler
                0x0800ba18       0x44 ./Middlewares/Third_Party/FreeRTOS/Source/portable/GCC/ARM_CM4F/port.o
                0x0800ba18                xPortSysTickHandler
 .text.vPortSetupTimerInterrupt
                0x0800ba5c       0x48 ./Middlewares/Third_Party/FreeRTOS/Source/portable/GCC/ARM_CM4F/port.o
                0x0800ba5c                vPortSetupTimerInterrupt
 .text.vPortEnableVFP
                0x0800baa4       0x14 ./Middlewares/Third_Party/FreeRTOS/Source/portable/GCC/ARM_CM4F/port.o
 .text.vPortValidateInterruptPriority
                0x0800bab8       0x84 ./Middlewares/Third_Party/FreeRTOS/Source/portable/GCC/ARM_CM4F/port.o
                0x0800bab8                vPortValidateInterruptPriority
 .text.pvPortMalloc
                0x0800bb3c      0x19c ./Middlewares/Third_Party/FreeRTOS/Source/portable/MemMang/heap_4.o
                0x0800bb3c                pvPortMalloc
 .text.vPortFree
                0x0800bcd8       0xc8 ./Middlewares/Third_Party/FreeRTOS/Source/portable/MemMang/heap_4.o
                0x0800bcd8                vPortFree
 .text.prvHeapInit
                0x0800bda0       0xc4 ./Middlewares/Third_Party/FreeRTOS/Source/portable/MemMang/heap_4.o
 .text.prvInsertBlockIntoFreeList
                0x0800be64       0xb4 ./Middlewares/Third_Party/FreeRTOS/Source/portable/MemMang/heap_4.o
 .text.std      0x0800bf18       0x6c C:/ST/STM32CubeIDE_1.16.1/STM32CubeIDE/plugins/com.st.stm32cube.ide.mcu.externaltools.gnu-tools-for-stm32.12.3.rel1.win32_1.0.200.202406191623/tools/bin/../lib/gcc/arm-none-eabi/12.3.1/../../../../arm-none-eabi/lib/thumb/v7e-m+fp/hard\libc_nano.a(libc_a-findfp.o)
 .text.stdio_exit_handler
                0x0800bf84       0x18 C:/ST/STM32CubeIDE_1.16.1/STM32CubeIDE/plugins/com.st.stm32cube.ide.mcu.externaltools.gnu-tools-for-stm32.12.3.rel1.win32_1.0.200.202406191623/tools/bin/../lib/gcc/arm-none-eabi/12.3.1/../../../../arm-none-eabi/lib/thumb/v7e-m+fp/hard\libc_nano.a(libc_a-findfp.o)
 .text.cleanup_stdio
                0x0800bf9c       0x40 C:/ST/STM32CubeIDE_1.16.1/STM32CubeIDE/plugins/com.st.stm32cube.ide.mcu.externaltools.gnu-tools-for-stm32.12.3.rel1.win32_1.0.200.202406191623/tools/bin/../lib/gcc/arm-none-eabi/12.3.1/../../../../arm-none-eabi/lib/thumb/v7e-m+fp/hard\libc_nano.a(libc_a-findfp.o)
 .text.global_stdio_init.part.0
                0x0800bfdc       0x3c C:/ST/STM32CubeIDE_1.16.1/STM32CubeIDE/plugins/com.st.stm32cube.ide.mcu.externaltools.gnu-tools-for-stm32.12.3.rel1.win32_1.0.200.202406191623/tools/bin/../lib/gcc/arm-none-eabi/12.3.1/../../../../arm-none-eabi/lib/thumb/v7e-m+fp/hard\libc_nano.a(libc_a-findfp.o)
 .text.__sfp_lock_acquire
                0x0800c018        0xc C:/ST/STM32CubeIDE_1.16.1/STM32CubeIDE/plugins/com.st.stm32cube.ide.mcu.externaltools.gnu-tools-for-stm32.12.3.rel1.win32_1.0.200.202406191623/tools/bin/../lib/gcc/arm-none-eabi/12.3.1/../../../../arm-none-eabi/lib/thumb/v7e-m+fp/hard\libc_nano.a(libc_a-findfp.o)
                0x0800c018                __sfp_lock_acquire
 .text.__sfp_lock_release
                0x0800c024        0xc C:/ST/STM32CubeIDE_1.16.1/STM32CubeIDE/plugins/com.st.stm32cube.ide.mcu.externaltools.gnu-tools-for-stm32.12.3.rel1.win32_1.0.200.202406191623/tools/bin/../lib/gcc/arm-none-eabi/12.3.1/../../../../arm-none-eabi/lib/thumb/v7e-m+fp/hard\libc_nano.a(libc_a-findfp.o)
                0x0800c024                __sfp_lock_release
 .text.__sinit  0x0800c030       0x30 C:/ST/STM32CubeIDE_1.16.1/STM32CubeIDE/plugins/com.st.stm32cube.ide.mcu.externaltools.gnu-tools-for-stm32.12.3.rel1.win32_1.0.200.202406191623/tools/bin/../lib/gcc/arm-none-eabi/12.3.1/../../../../arm-none-eabi/lib/thumb/v7e-m+fp/hard\libc_nano.a(libc_a-findfp.o)
                0x0800c030                __sinit
 .text._fwalk_sglue
                0x0800c060       0x3c C:/ST/STM32CubeIDE_1.16.1/STM32CubeIDE/plugins/com.st.stm32cube.ide.mcu.externaltools.gnu-tools-for-stm32.12.3.rel1.win32_1.0.200.202406191623/tools/bin/../lib/gcc/arm-none-eabi/12.3.1/../../../../arm-none-eabi/lib/thumb/v7e-m+fp/hard\libc_nano.a(libc_a-fwalk.o)
                0x0800c060                _fwalk_sglue
 .text.printf   0x0800c09c       0x24 C:/ST/STM32CubeIDE_1.16.1/STM32CubeIDE/plugins/com.st.stm32cube.ide.mcu.externaltools.gnu-tools-for-stm32.12.3.rel1.win32_1.0.200.202406191623/tools/bin/../lib/gcc/arm-none-eabi/12.3.1/../../../../arm-none-eabi/lib/thumb/v7e-m+fp/hard\libc_nano.a(libc_a-printf.o)
                0x0800c09c                iprintf
                0x0800c09c                printf
 .text._puts_r  0x0800c0c0       0xaa C:/ST/STM32CubeIDE_1.16.1/STM32CubeIDE/plugins/com.st.stm32cube.ide.mcu.externaltools.gnu-tools-for-stm32.12.3.rel1.win32_1.0.200.202406191623/tools/bin/../lib/gcc/arm-none-eabi/12.3.1/../../../../arm-none-eabi/lib/thumb/v7e-m+fp/hard\libc_nano.a(libc_a-puts.o)
                0x0800c0c0                _puts_r
 *fill*         0x0800c16a        0x2 
 .text.puts     0x0800c16c       0x10 C:/ST/STM32CubeIDE_1.16.1/STM32CubeIDE/plugins/com.st.stm32cube.ide.mcu.externaltools.gnu-tools-for-stm32.12.3.rel1.win32_1.0.200.202406191623/tools/bin/../lib/gcc/arm-none-eabi/12.3.1/../../../../arm-none-eabi/lib/thumb/v7e-m+fp/hard\libc_nano.a(libc_a-puts.o)
                0x0800c16c                puts
 .text.snprintf
                0x0800c17c       0x68 C:/ST/STM32CubeIDE_1.16.1/STM32CubeIDE/plugins/com.st.stm32cube.ide.mcu.externaltools.gnu-tools-for-stm32.12.3.rel1.win32_1.0.200.202406191623/tools/bin/../lib/gcc/arm-none-eabi/12.3.1/../../../../arm-none-eabi/lib/thumb/v7e-m+fp/hard\libc_nano.a(libc_a-snprintf.o)
                0x0800c17c                sniprintf
                0x0800c17c                snprintf
 .text.__sread  0x0800c1e4       0x22 C:/ST/STM32CubeIDE_1.16.1/STM32CubeIDE/plugins/com.st.stm32cube.ide.mcu.externaltools.gnu-tools-for-stm32.12.3.rel1.win32_1.0.200.202406191623/tools/bin/../lib/gcc/arm-none-eabi/12.3.1/../../../../arm-none-eabi/lib/thumb/v7e-m+fp/hard\libc_nano.a(libc_a-stdio.o)
                0x0800c1e4                __sread
 .text.__swrite
                0x0800c206       0x38 C:/ST/STM32CubeIDE_1.16.1/STM32CubeIDE/plugins/com.st.stm32cube.ide.mcu.externaltools.gnu-tools-for-stm32.12.3.rel1.win32_1.0.200.202406191623/tools/bin/../lib/gcc/arm-none-eabi/12.3.1/../../../../arm-none-eabi/lib/thumb/v7e-m+fp/hard\libc_nano.a(libc_a-stdio.o)
                0x0800c206                __swrite
 .text.__sseek  0x0800c23e       0x24 C:/ST/STM32CubeIDE_1.16.1/STM32CubeIDE/plugins/com.st.stm32cube.ide.mcu.externaltools.gnu-tools-for-stm32.12.3.rel1.win32_1.0.200.202406191623/tools/bin/../lib/gcc/arm-none-eabi/12.3.1/../../../../arm-none-eabi/lib/thumb/v7e-m+fp/hard\libc_nano.a(libc_a-stdio.o)
                0x0800c23e                __sseek
 .text.__sclose
                0x0800c262        0x8 C:/ST/STM32CubeIDE_1.16.1/STM32CubeIDE/plugins/com.st.stm32cube.ide.mcu.externaltools.gnu-tools-for-stm32.12.3.rel1.win32_1.0.200.202406191623/tools/bin/../lib/gcc/arm-none-eabi/12.3.1/../../../../arm-none-eabi/lib/thumb/v7e-m+fp/hard\libc_nano.a(libc_a-stdio.o)
                0x0800c262                __sclose
 .text.__swbuf_r
                0x0800c26a       0x7c C:/ST/STM32CubeIDE_1.16.1/STM32CubeIDE/plugins/com.st.stm32cube.ide.mcu.externaltools.gnu-tools-for-stm32.12.3.rel1.win32_1.0.200.202406191623/tools/bin/../lib/gcc/arm-none-eabi/12.3.1/../../../../arm-none-eabi/lib/thumb/v7e-m+fp/hard\libc_nano.a(libc_a-wbuf.o)
                0x0800c26a                __swbuf_r
 *fill*         0x0800c2e6        0x2 
 .text.__swsetup_r
                0x0800c2e8       0xac C:/ST/STM32CubeIDE_1.16.1/STM32CubeIDE/plugins/com.st.stm32cube.ide.mcu.externaltools.gnu-tools-for-stm32.12.3.rel1.win32_1.0.200.202406191623/tools/bin/../lib/gcc/arm-none-eabi/12.3.1/../../../../arm-none-eabi/lib/thumb/v7e-m+fp/hard\libc_nano.a(libc_a-wsetup.o)
                0x0800c2e8                __swsetup_r
 .text.memset   0x0800c394       0x10 C:/ST/STM32CubeIDE_1.16.1/STM32CubeIDE/plugins/com.st.stm32cube.ide.mcu.externaltools.gnu-tools-for-stm32.12.3.rel1.win32_1.0.200.202406191623/tools/bin/../lib/gcc/arm-none-eabi/12.3.1/../../../../arm-none-eabi/lib/thumb/v7e-m+fp/hard\libc_nano.a(libc_a-memset.o)
                0x0800c394                memset
 .text.strchr   0x0800c3a4       0x1a C:/ST/STM32CubeIDE_1.16.1/STM32CubeIDE/plugins/com.st.stm32cube.ide.mcu.externaltools.gnu-tools-for-stm32.12.3.rel1.win32_1.0.200.202406191623/tools/bin/../lib/gcc/arm-none-eabi/12.3.1/../../../../arm-none-eabi/lib/thumb/v7e-m+fp/hard\libc_nano.a(libc_a-strchr.o)
                0x0800c3a4                strchr
 .text.strncmp  0x0800c3be       0x24 C:/ST/STM32CubeIDE_1.16.1/STM32CubeIDE/plugins/com.st.stm32cube.ide.mcu.externaltools.gnu-tools-for-stm32.12.3.rel1.win32_1.0.200.202406191623/tools/bin/../lib/gcc/arm-none-eabi/12.3.1/../../../../arm-none-eabi/lib/thumb/v7e-m+fp/hard\libc_nano.a(libc_a-strncmp.o)
                0x0800c3be                strncmp
 .text.strncpy  0x0800c3e2       0x26 C:/ST/STM32CubeIDE_1.16.1/STM32CubeIDE/plugins/com.st.stm32cube.ide.mcu.externaltools.gnu-tools-for-stm32.12.3.rel1.win32_1.0.200.202406191623/tools/bin/../lib/gcc/arm-none-eabi/12.3.1/../../../../arm-none-eabi/lib/thumb/v7e-m+fp/hard\libc_nano.a(libc_a-strncpy.o)
                0x0800c3e2                strncpy
 .text._close_r
                0x0800c408       0x20 C:/ST/STM32CubeIDE_1.16.1/STM32CubeIDE/plugins/com.st.stm32cube.ide.mcu.externaltools.gnu-tools-for-stm32.12.3.rel1.win32_1.0.200.202406191623/tools/bin/../lib/gcc/arm-none-eabi/12.3.1/../../../../arm-none-eabi/lib/thumb/v7e-m+fp/hard\libc_nano.a(libc_a-closer.o)
                0x0800c408                _close_r
 .text._reclaim_reent
                0x0800c428       0xac C:/ST/STM32CubeIDE_1.16.1/STM32CubeIDE/plugins/com.st.stm32cube.ide.mcu.externaltools.gnu-tools-for-stm32.12.3.rel1.win32_1.0.200.202406191623/tools/bin/../lib/gcc/arm-none-eabi/12.3.1/../../../../arm-none-eabi/lib/thumb/v7e-m+fp/hard\libc_nano.a(libc_a-reent.o)
                0x0800c428                _reclaim_reent
 .text._lseek_r
                0x0800c4d4       0x24 C:/ST/STM32CubeIDE_1.16.1/STM32CubeIDE/plugins/com.st.stm32cube.ide.mcu.externaltools.gnu-tools-for-stm32.12.3.rel1.win32_1.0.200.202406191623/tools/bin/../lib/gcc/arm-none-eabi/12.3.1/../../../../arm-none-eabi/lib/thumb/v7e-m+fp/hard\libc_nano.a(libc_a-lseekr.o)
                0x0800c4d4                _lseek_r
 .text._read_r  0x0800c4f8       0x24 C:/ST/STM32CubeIDE_1.16.1/STM32CubeIDE/plugins/com.st.stm32cube.ide.mcu.externaltools.gnu-tools-for-stm32.12.3.rel1.win32_1.0.200.202406191623/tools/bin/../lib/gcc/arm-none-eabi/12.3.1/../../../../arm-none-eabi/lib/thumb/v7e-m+fp/hard\libc_nano.a(libc_a-readr.o)
                0x0800c4f8                _read_r
 .text._write_r
                0x0800c51c       0x24 C:/ST/STM32CubeIDE_1.16.1/STM32CubeIDE/plugins/com.st.stm32cube.ide.mcu.externaltools.gnu-tools-for-stm32.12.3.rel1.win32_1.0.200.202406191623/tools/bin/../lib/gcc/arm-none-eabi/12.3.1/../../../../arm-none-eabi/lib/thumb/v7e-m+fp/hard\libc_nano.a(libc_a-writer.o)
                0x0800c51c                _write_r
 .text.__errno  0x0800c540        0xc C:/ST/STM32CubeIDE_1.16.1/STM32CubeIDE/plugins/com.st.stm32cube.ide.mcu.externaltools.gnu-tools-for-stm32.12.3.rel1.win32_1.0.200.202406191623/tools/bin/../lib/gcc/arm-none-eabi/12.3.1/../../../../arm-none-eabi/lib/thumb/v7e-m+fp/hard\libc_nano.a(libc_a-errno.o)
                0x0800c540                __errno
 .text.__libc_init_array
                0x0800c54c       0x48 C:/ST/STM32CubeIDE_1.16.1/STM32CubeIDE/plugins/com.st.stm32cube.ide.mcu.externaltools.gnu-tools-for-stm32.12.3.rel1.win32_1.0.200.202406191623/tools/bin/../lib/gcc/arm-none-eabi/12.3.1/../../../../arm-none-eabi/lib/thumb/v7e-m+fp/hard\libc_nano.a(libc_a-init.o)
                0x0800c54c                __libc_init_array
 .text.__retarget_lock_init_recursive
                0x0800c594        0x2 C:/ST/STM32CubeIDE_1.16.1/STM32CubeIDE/plugins/com.st.stm32cube.ide.mcu.externaltools.gnu-tools-for-stm32.12.3.rel1.win32_1.0.200.202406191623/tools/bin/../lib/gcc/arm-none-eabi/12.3.1/../../../../arm-none-eabi/lib/thumb/v7e-m+fp/hard\libc_nano.a(libc_a-lock.o)
                0x0800c594                __retarget_lock_init_recursive
 .text.__retarget_lock_acquire_recursive
                0x0800c596        0x2 C:/ST/STM32CubeIDE_1.16.1/STM32CubeIDE/plugins/com.st.stm32cube.ide.mcu.externaltools.gnu-tools-for-stm32.12.3.rel1.win32_1.0.200.202406191623/tools/bin/../lib/gcc/arm-none-eabi/12.3.1/../../../../arm-none-eabi/lib/thumb/v7e-m+fp/hard\libc_nano.a(libc_a-lock.o)
                0x0800c596                __retarget_lock_acquire_recursive
 .text.__retarget_lock_release_recursive
                0x0800c598        0x2 C:/ST/STM32CubeIDE_1.16.1/STM32CubeIDE/plugins/com.st.stm32cube.ide.mcu.externaltools.gnu-tools-for-stm32.12.3.rel1.win32_1.0.200.202406191623/tools/bin/../lib/gcc/arm-none-eabi/12.3.1/../../../../arm-none-eabi/lib/thumb/v7e-m+fp/hard\libc_nano.a(libc_a-lock.o)
                0x0800c598                __retarget_lock_release_recursive
 .text.strcpy   0x0800c59a       0x10 C:/ST/STM32CubeIDE_1.16.1/STM32CubeIDE/plugins/com.st.stm32cube.ide.mcu.externaltools.gnu-tools-for-stm32.12.3.rel1.win32_1.0.200.202406191623/tools/bin/../lib/gcc/arm-none-eabi/12.3.1/../../../../arm-none-eabi/lib/thumb/v7e-m+fp/hard\libc_nano.a(libc_a-strcpy.o)
                0x0800c59a                strcpy
 .text.memcpy   0x0800c5aa       0x1c C:/ST/STM32CubeIDE_1.16.1/STM32CubeIDE/plugins/com.st.stm32cube.ide.mcu.externaltools.gnu-tools-for-stm32.12.3.rel1.win32_1.0.200.202406191623/tools/bin/../lib/gcc/arm-none-eabi/12.3.1/../../../../arm-none-eabi/lib/thumb/v7e-m+fp/hard\libc_nano.a(libc_a-memcpy-stub.o)
                0x0800c5aa                memcpy
 *fill*         0x0800c5c6        0x2 
 .text._free_r  0x0800c5c8       0x94 C:/ST/STM32CubeIDE_1.16.1/STM32CubeIDE/plugins/com.st.stm32cube.ide.mcu.externaltools.gnu-tools-for-stm32.12.3.rel1.win32_1.0.200.202406191623/tools/bin/../lib/gcc/arm-none-eabi/12.3.1/../../../../arm-none-eabi/lib/thumb/v7e-m+fp/hard\libc_nano.a(libc_a-freer.o)
                0x0800c5c8                _free_r
 .text.sbrk_aligned
                0x0800c65c       0x44 C:/ST/STM32CubeIDE_1.16.1/STM32CubeIDE/plugins/com.st.stm32cube.ide.mcu.externaltools.gnu-tools-for-stm32.12.3.rel1.win32_1.0.200.202406191623/tools/bin/../lib/gcc/arm-none-eabi/12.3.1/../../../../arm-none-eabi/lib/thumb/v7e-m+fp/hard\libc_nano.a(libc_a-mallocr.o)
 .text._malloc_r
                0x0800c6a0      0x100 C:/ST/STM32CubeIDE_1.16.1/STM32CubeIDE/plugins/com.st.stm32cube.ide.mcu.externaltools.gnu-tools-for-stm32.12.3.rel1.win32_1.0.200.202406191623/tools/bin/../lib/gcc/arm-none-eabi/12.3.1/../../../../arm-none-eabi/lib/thumb/v7e-m+fp/hard\libc_nano.a(libc_a-mallocr.o)
                0x0800c6a0                _malloc_r
 .text.__malloc_lock
                0x0800c7a0        0xc C:/ST/STM32CubeIDE_1.16.1/STM32CubeIDE/plugins/com.st.stm32cube.ide.mcu.externaltools.gnu-tools-for-stm32.12.3.rel1.win32_1.0.200.202406191623/tools/bin/../lib/gcc/arm-none-eabi/12.3.1/../../../../arm-none-eabi/lib/thumb/v7e-m+fp/hard\libc_nano.a(libc_a-mlock.o)
                0x0800c7a0                __malloc_lock
 .text.__malloc_unlock
                0x0800c7ac        0xc C:/ST/STM32CubeIDE_1.16.1/STM32CubeIDE/plugins/com.st.stm32cube.ide.mcu.externaltools.gnu-tools-for-stm32.12.3.rel1.win32_1.0.200.202406191623/tools/bin/../lib/gcc/arm-none-eabi/12.3.1/../../../../arm-none-eabi/lib/thumb/v7e-m+fp/hard\libc_nano.a(libc_a-mlock.o)
                0x0800c7ac                __malloc_unlock
 .text.__ssputs_r
                0x0800c7b8       0xb6 C:/ST/STM32CubeIDE_1.16.1/STM32CubeIDE/plugins/com.st.stm32cube.ide.mcu.externaltools.gnu-tools-for-stm32.12.3.rel1.win32_1.0.200.202406191623/tools/bin/../lib/gcc/arm-none-eabi/12.3.1/../../../../arm-none-eabi/lib/thumb/v7e-m+fp/hard\libc_nano.a(libc_a-nano-svfprintf.o)
                0x0800c7b8                __ssputs_r
 *fill*         0x0800c86e        0x2 
 .text._svfprintf_r
                0x0800c870      0x1f8 C:/ST/STM32CubeIDE_1.16.1/STM32CubeIDE/plugins/com.st.stm32cube.ide.mcu.externaltools.gnu-tools-for-stm32.12.3.rel1.win32_1.0.200.202406191623/tools/bin/../lib/gcc/arm-none-eabi/12.3.1/../../../../arm-none-eabi/lib/thumb/v7e-m+fp/hard\libc_nano.a(libc_a-nano-svfprintf.o)
                0x0800c870                _svfiprintf_r
                0x0800c870                _svfprintf_r
 .text.__sfputc_r
                0x0800ca68       0x2e C:/ST/STM32CubeIDE_1.16.1/STM32CubeIDE/plugins/com.st.stm32cube.ide.mcu.externaltools.gnu-tools-for-stm32.12.3.rel1.win32_1.0.200.202406191623/tools/bin/../lib/gcc/arm-none-eabi/12.3.1/../../../../arm-none-eabi/lib/thumb/v7e-m+fp/hard\libc_nano.a(libc_a-nano-vfprintf.o)
 .text.__sfputs_r
                0x0800ca96       0x24 C:/ST/STM32CubeIDE_1.16.1/STM32CubeIDE/plugins/com.st.stm32cube.ide.mcu.externaltools.gnu-tools-for-stm32.12.3.rel1.win32_1.0.200.202406191623/tools/bin/../lib/gcc/arm-none-eabi/12.3.1/../../../../arm-none-eabi/lib/thumb/v7e-m+fp/hard\libc_nano.a(libc_a-nano-vfprintf.o)
                0x0800ca96                __sfputs_r
 *fill*         0x0800caba        0x2 
 .text._vfprintf_r
                0x0800cabc      0x230 C:/ST/STM32CubeIDE_1.16.1/STM32CubeIDE/plugins/com.st.stm32cube.ide.mcu.externaltools.gnu-tools-for-stm32.12.3.rel1.win32_1.0.200.202406191623/tools/bin/../lib/gcc/arm-none-eabi/12.3.1/../../../../arm-none-eabi/lib/thumb/v7e-m+fp/hard\libc_nano.a(libc_a-nano-vfprintf.o)
                0x0800cabc                _vfprintf_r
                0x0800cabc                _vfiprintf_r
 .text._printf_common
                0x0800ccec       0xda C:/ST/STM32CubeIDE_1.16.1/STM32CubeIDE/plugins/com.st.stm32cube.ide.mcu.externaltools.gnu-tools-for-stm32.12.3.rel1.win32_1.0.200.202406191623/tools/bin/../lib/gcc/arm-none-eabi/12.3.1/../../../../arm-none-eabi/lib/thumb/v7e-m+fp/hard\libc_nano.a(libc_a-nano-vfprintf_i.o)
                0x0800ccec                _printf_common
 *fill*         0x0800cdc6        0x2 
 .text._printf_i
                0x0800cdc8      0x240 C:/ST/STM32CubeIDE_1.16.1/STM32CubeIDE/plugins/com.st.stm32cube.ide.mcu.externaltools.gnu-tools-for-stm32.12.3.rel1.win32_1.0.200.202406191623/tools/bin/../lib/gcc/arm-none-eabi/12.3.1/../../../../arm-none-eabi/lib/thumb/v7e-m+fp/hard\libc_nano.a(libc_a-nano-vfprintf_i.o)
                0x0800cdc8                _printf_i
 .text.__sflush_r
                0x0800d008      0x108 C:/ST/STM32CubeIDE_1.16.1/STM32CubeIDE/plugins/com.st.stm32cube.ide.mcu.externaltools.gnu-tools-for-stm32.12.3.rel1.win32_1.0.200.202406191623/tools/bin/../lib/gcc/arm-none-eabi/12.3.1/../../../../arm-none-eabi/lib/thumb/v7e-m+fp/hard\libc_nano.a(libc_a-fflush.o)
                0x0800d008                __sflush_r
 .text._fflush_r
                0x0800d110       0x50 C:/ST/STM32CubeIDE_1.16.1/STM32CubeIDE/plugins/com.st.stm32cube.ide.mcu.externaltools.gnu-tools-for-stm32.12.3.rel1.win32_1.0.200.202406191623/tools/bin/../lib/gcc/arm-none-eabi/12.3.1/../../../../arm-none-eabi/lib/thumb/v7e-m+fp/hard\libc_nano.a(libc_a-fflush.o)
                0x0800d110                _fflush_r
 .text.__swhatbuf_r
                0x0800d160       0x4c C:/ST/STM32CubeIDE_1.16.1/STM32CubeIDE/plugins/com.st.stm32cube.ide.mcu.externaltools.gnu-tools-for-stm32.12.3.rel1.win32_1.0.200.202406191623/tools/bin/../lib/gcc/arm-none-eabi/12.3.1/../../../../arm-none-eabi/lib/thumb/v7e-m+fp/hard\libc_nano.a(libc_a-makebuf.o)
                0x0800d160                __swhatbuf_r
 .text.__smakebuf_r
                0x0800d1ac       0x78 C:/ST/STM32CubeIDE_1.16.1/STM32CubeIDE/plugins/com.st.stm32cube.ide.mcu.externaltools.gnu-tools-for-stm32.12.3.rel1.win32_1.0.200.202406191623/tools/bin/../lib/gcc/arm-none-eabi/12.3.1/../../../../arm-none-eabi/lib/thumb/v7e-m+fp/hard\libc_nano.a(libc_a-makebuf.o)
                0x0800d1ac                __smakebuf_r
 .text.memmove  0x0800d224       0x34 C:/ST/STM32CubeIDE_1.16.1/STM32CubeIDE/plugins/com.st.stm32cube.ide.mcu.externaltools.gnu-tools-for-stm32.12.3.rel1.win32_1.0.200.202406191623/tools/bin/../lib/gcc/arm-none-eabi/12.3.1/../../../../arm-none-eabi/lib/thumb/v7e-m+fp/hard\libc_nano.a(libc_a-memmove.o)
                0x0800d224                memmove
 .text._fstat_r
                0x0800d258       0x24 C:/ST/STM32CubeIDE_1.16.1/STM32CubeIDE/plugins/com.st.stm32cube.ide.mcu.externaltools.gnu-tools-for-stm32.12.3.rel1.win32_1.0.200.202406191623/tools/bin/../lib/gcc/arm-none-eabi/12.3.1/../../../../arm-none-eabi/lib/thumb/v7e-m+fp/hard\libc_nano.a(libc_a-fstatr.o)
                0x0800d258                _fstat_r
 .text._isatty_r
                0x0800d27c       0x20 C:/ST/STM32CubeIDE_1.16.1/STM32CubeIDE/plugins/com.st.stm32cube.ide.mcu.externaltools.gnu-tools-for-stm32.12.3.rel1.win32_1.0.200.202406191623/tools/bin/../lib/gcc/arm-none-eabi/12.3.1/../../../../arm-none-eabi/lib/thumb/v7e-m+fp/hard\libc_nano.a(libc_a-isattyr.o)
                0x0800d27c                _isatty_r
 .text._sbrk_r  0x0800d29c       0x20 C:/ST/STM32CubeIDE_1.16.1/STM32CubeIDE/plugins/com.st.stm32cube.ide.mcu.externaltools.gnu-tools-for-stm32.12.3.rel1.win32_1.0.200.202406191623/tools/bin/../lib/gcc/arm-none-eabi/12.3.1/../../../../arm-none-eabi/lib/thumb/v7e-m+fp/hard\libc_nano.a(libc_a-sbrkr.o)
                0x0800d29c                _sbrk_r
 .text._realloc_r
                0x0800d2bc       0x5c C:/ST/STM32CubeIDE_1.16.1/STM32CubeIDE/plugins/com.st.stm32cube.ide.mcu.externaltools.gnu-tools-for-stm32.12.3.rel1.win32_1.0.200.202406191623/tools/bin/../lib/gcc/arm-none-eabi/12.3.1/../../../../arm-none-eabi/lib/thumb/v7e-m+fp/hard\libc_nano.a(libc_a-reallocr.o)
                0x0800d2bc                _realloc_r
 .text._malloc_usable_size_r
                0x0800d318       0x10 C:/ST/STM32CubeIDE_1.16.1/STM32CubeIDE/plugins/com.st.stm32cube.ide.mcu.externaltools.gnu-tools-for-stm32.12.3.rel1.win32_1.0.200.202406191623/tools/bin/../lib/gcc/arm-none-eabi/12.3.1/../../../../arm-none-eabi/lib/thumb/v7e-m+fp/hard\libc_nano.a(libc_a-msizer.o)
                0x0800d318                _malloc_usable_size_r
 *(.glue_7)
 .glue_7        0x0800d328        0x0 linker stubs
 *(.glue_7t)
 .glue_7t       0x0800d328        0x0 linker stubs
 *(.eh_frame)
 .eh_frame      0x0800d328        0x0 C:/ST/STM32CubeIDE_1.16.1/STM32CubeIDE/plugins/com.st.stm32cube.ide.mcu.externaltools.gnu-tools-for-stm32.12.3.rel1.win32_1.0.200.202406191623/tools/bin/../lib/gcc/arm-none-eabi/12.3.1/thumb/v7e-m+fp/hard/crtbegin.o
 *(.init)
 .init          0x0800d328        0x4 C:/ST/STM32CubeIDE_1.16.1/STM32CubeIDE/plugins/com.st.stm32cube.ide.mcu.externaltools.gnu-tools-for-stm32.12.3.rel1.win32_1.0.200.202406191623/tools/bin/../lib/gcc/arm-none-eabi/12.3.1/thumb/v7e-m+fp/hard/crti.o
                0x0800d328                _init
 .init          0x0800d32c        0x8 C:/ST/STM32CubeIDE_1.16.1/STM32CubeIDE/plugins/com.st.stm32cube.ide.mcu.externaltools.gnu-tools-for-stm32.12.3.rel1.win32_1.0.200.202406191623/tools/bin/../lib/gcc/arm-none-eabi/12.3.1/thumb/v7e-m+fp/hard/crtn.o
 *(.fini)
 .fini          0x0800d334        0x4 C:/ST/STM32CubeIDE_1.16.1/STM32CubeIDE/plugins/com.st.stm32cube.ide.mcu.externaltools.gnu-tools-for-stm32.12.3.rel1.win32_1.0.200.202406191623/tools/bin/../lib/gcc/arm-none-eabi/12.3.1/thumb/v7e-m+fp/hard/crti.o
                0x0800d334                _fini
 .fini          0x0800d338        0x8 C:/ST/STM32CubeIDE_1.16.1/STM32CubeIDE/plugins/com.st.stm32cube.ide.mcu.externaltools.gnu-tools-for-stm32.12.3.rel1.win32_1.0.200.202406191623/tools/bin/../lib/gcc/arm-none-eabi/12.3.1/thumb/v7e-m+fp/hard/crtn.o
                0x0800d340                        . = ALIGN (0x4)
                0x0800d340                        _etext = .

.vfp11_veneer   0x0800d340        0x0
 .vfp11_veneer  0x0800d340        0x0 linker stubs

.v4_bx          0x0800d340        0x0
 .v4_bx         0x0800d340        0x0 linker stubs

.iplt           0x0800d340        0x0
 .iplt          0x0800d340        0x0 C:/ST/STM32CubeIDE_1.16.1/STM32CubeIDE/plugins/com.st.stm32cube.ide.mcu.externaltools.gnu-tools-for-stm32.12.3.rel1.win32_1.0.200.202406191623/tools/bin/../lib/gcc/arm-none-eabi/12.3.1/thumb/v7e-m+fp/hard/crtbegin.o

.rodata         0x0800d340      0x860
                0x0800d340                        . = ALIGN (0x4)
 *(.rodata)
 .rodata        0x0800d340      0x42a ./Core/Src/main.o
 *fill*         0x0800d76a        0x2 
 .rodata        0x0800d76c      0x1ca ./Core/Src/wiznet/DHCP/dhcp.o
 *fill*         0x0800d936        0x2 
 .rodata        0x0800d938       0xa3 ./Core/Src/wiznet/DNS/dns.o
 *fill*         0x0800d9db        0x1 
 .rodata        0x0800d9dc       0x58 ./Core/Src/wiznet/MQTT/MQTTClient.o
 .rodata        0x0800da34        0xf ./Core/Src/wiznet/MQTT/MQTTPacket/MQTTConnectClient.o
 *fill*         0x0800da43        0x1 
 .rodata        0x0800da44       0xd4 ./Core/Src/wiznet/w5500_spi.o
 .rodata        0x0800db18        0x5 ./Middlewares/Third_Party/FreeRTOS/Source/tasks.o
 *fill*         0x0800db1d        0x3 
 .rodata        0x0800db20        0xd ./Middlewares/Third_Party/FreeRTOS/Source/timers.o
 *(.rodata*)
 *fill*         0x0800db2d        0x3 
 .rodata.defaultTask_attributes
                0x0800db30       0x24 ./Core/Src/main.o
                0x0800db30                defaultTask_attributes
 .rodata.AHBPrescTable
                0x0800db54       0x10 ./Core/Src/system_stm32f4xx.o
                0x0800db54                AHBPrescTable
 .rodata.APBPrescTable
                0x0800db64        0x8 ./Core/Src/system_stm32f4xx.o
                0x0800db64                APBPrescTable
 .rodata._svfprintf_r.str1.1
                0x0800db6c       0x11 C:/ST/STM32CubeIDE_1.16.1/STM32CubeIDE/plugins/com.st.stm32cube.ide.mcu.externaltools.gnu-tools-for-stm32.12.3.rel1.win32_1.0.200.202406191623/tools/bin/../lib/gcc/arm-none-eabi/12.3.1/../../../../arm-none-eabi/lib/thumb/v7e-m+fp/hard\libc_nano.a(libc_a-nano-svfprintf.o)
 .rodata._vfprintf_r.str1.1
                0x0800db7d       0x11 C:/ST/STM32CubeIDE_1.16.1/STM32CubeIDE/plugins/com.st.stm32cube.ide.mcu.externaltools.gnu-tools-for-stm32.12.3.rel1.win32_1.0.200.202406191623/tools/bin/../lib/gcc/arm-none-eabi/12.3.1/../../../../arm-none-eabi/lib/thumb/v7e-m+fp/hard\libc_nano.a(libc_a-nano-vfprintf.o)
 .rodata._printf_i.str1.1
                0x0800db7d       0x22 C:/ST/STM32CubeIDE_1.16.1/STM32CubeIDE/plugins/com.st.stm32cube.ide.mcu.externaltools.gnu-tools-for-stm32.12.3.rel1.win32_1.0.200.202406191623/tools/bin/../lib/gcc/arm-none-eabi/12.3.1/../../../../arm-none-eabi/lib/thumb/v7e-m+fp/hard\libc_nano.a(libc_a-nano-vfprintf_i.o)
                0x0800dba0                        . = ALIGN (0x4)
 *fill*         0x0800db9f        0x1 

.ARM.extab      0x0800dba0        0x0
                0x0800dba0                        . = ALIGN (0x4)
 *(.ARM.extab* .gnu.linkonce.armextab.*)
                0x0800dba0                        . = ALIGN (0x4)

.ARM            0x0800dba0        0x8
                0x0800dba0                        . = ALIGN (0x4)
                0x0800dba0                        __exidx_start = .
 *(.ARM.exidx*)
 .ARM.exidx     0x0800dba0        0x8 C:/ST/STM32CubeIDE_1.16.1/STM32CubeIDE/plugins/com.st.stm32cube.ide.mcu.externaltools.gnu-tools-for-stm32.12.3.rel1.win32_1.0.200.202406191623/tools/bin/../lib/gcc/arm-none-eabi/12.3.1/../../../../arm-none-eabi/lib/thumb/v7e-m+fp/hard\libc_nano.a(libc_a-strlen.o)
 .ARM.exidx     0x0800dba8        0x0 C:/ST/STM32CubeIDE_1.16.1/STM32CubeIDE/plugins/com.st.stm32cube.ide.mcu.externaltools.gnu-tools-for-stm32.12.3.rel1.win32_1.0.200.202406191623/tools/bin/../lib/gcc/arm-none-eabi/12.3.1/../../../../arm-none-eabi/lib/thumb/v7e-m+fp/hard\libc_nano.a(libc_a-memchr.o)
                                  0x8 (size before relaxing)
 .ARM.exidx     0x0800dba8        0x0 C:/ST/STM32CubeIDE_1.16.1/STM32CubeIDE/plugins/com.st.stm32cube.ide.mcu.externaltools.gnu-tools-for-stm32.12.3.rel1.win32_1.0.200.202406191623/tools/bin/../lib/gcc/arm-none-eabi/12.3.1/thumb/v7e-m+fp/hard\libgcc.a(_udivmoddi4.o)
                                  0x8 (size before relaxing)
                0x0800dba8                        __exidx_end = .
                0x0800dba8                        . = ALIGN (0x4)

.preinit_array  0x0800dba8        0x0
                0x0800dba8                        . = ALIGN (0x4)
                0x0800dba8                        PROVIDE (__preinit_array_start = .)
 *(.preinit_array*)
                0x0800dba8                        PROVIDE (__preinit_array_end = .)
                0x0800dba8                        . = ALIGN (0x4)

.init_array     0x0800dba8        0x4
                0x0800dba8                        . = ALIGN (0x4)
                0x0800dba8                        PROVIDE (__init_array_start = .)
 *(SORT_BY_NAME(.init_array.*))
 *(.init_array*)
 .init_array    0x0800dba8        0x4 C:/ST/STM32CubeIDE_1.16.1/STM32CubeIDE/plugins/com.st.stm32cube.ide.mcu.externaltools.gnu-tools-for-stm32.12.3.rel1.win32_1.0.200.202406191623/tools/bin/../lib/gcc/arm-none-eabi/12.3.1/thumb/v7e-m+fp/hard/crtbegin.o
                0x0800dbac                        PROVIDE (__init_array_end = .)
                0x0800dbac                        . = ALIGN (0x4)

.fini_array     0x0800dbac        0x4
                0x0800dbac                        . = ALIGN (0x4)
                [!provide]                        PROVIDE (__fini_array_start = .)
 *(SORT_BY_NAME(.fini_array.*))
 *(.fini_array*)
 .fini_array    0x0800dbac        0x4 C:/ST/STM32CubeIDE_1.16.1/STM32CubeIDE/plugins/com.st.stm32cube.ide.mcu.externaltools.gnu-tools-for-stm32.12.3.rel1.win32_1.0.200.202406191623/tools/bin/../lib/gcc/arm-none-eabi/12.3.1/thumb/v7e-m+fp/hard/crtbegin.o
                [!provide]                        PROVIDE (__fini_array_end = .)
                0x0800dbb0                        . = ALIGN (0x4)
                0x0800dbb0                        _sidata = LOADADDR (.data)

.rel.dyn        0x0800dbb0        0x0
 .rel.iplt      0x0800dbb0        0x0 C:/ST/STM32CubeIDE_1.16.1/STM32CubeIDE/plugins/com.st.stm32cube.ide.mcu.externaltools.gnu-tools-for-stm32.12.3.rel1.win32_1.0.200.202406191623/tools/bin/../lib/gcc/arm-none-eabi/12.3.1/thumb/v7e-m+fp/hard/crtbegin.o

.data           0x20000000      0x130 load address 0x0800dbb0
                0x20000000                        . = ALIGN (0x4)
                0x20000000                        _sdata = .
 *(.data)
 *(.data*)
 .data.gWIZNETINFO
                0x20000000       0x17 ./Core/Src/main.o
                0x20000000                gWIZNETINFO
 *fill*         0x20000017        0x1 
 .data.destination_port
                0x20000018        0x2 ./Core/Src/main.o
                0x20000018                destination_port
 *fill*         0x2000001a        0x2 
 .data.connect_data
                0x2000001c       0x58 ./Core/Src/main.o
                0x2000001c                connect_data
 .data.remote_host
                0x20000074        0x4 ./Core/Src/main.o
                0x20000074                remote_host
 .data.SystemCoreClock
                0x20000078        0x4 ./Core/Src/system_stm32f4xx.o
                0x20000078                SystemCoreClock
 .data.dhcp_lease_time
                0x2000007c        0x4 ./Core/Src/wiznet/DHCP/dhcp.o
                0x2000007c                dhcp_lease_time
 .data.dhcp_tick_next
                0x20000080        0x4 ./Core/Src/wiznet/DHCP/dhcp.o
                0x20000080                dhcp_tick_next
 .data.HOST_NAME
                0x20000084        0x8 ./Core/Src/wiznet/DHCP/dhcp.o
                0x20000084                HOST_NAME
 .data.dhcp_ip_assign
                0x2000008c        0x4 ./Core/Src/wiznet/DHCP/dhcp.o
                0x2000008c                dhcp_ip_assign
 .data.dhcp_ip_update
                0x20000090        0x4 ./Core/Src/wiznet/DHCP/dhcp.o
                0x20000090                dhcp_ip_update
 .data.dhcp_ip_conflict
                0x20000094        0x4 ./Core/Src/wiznet/DHCP/dhcp.o
                0x20000094                dhcp_ip_conflict
 .data.sock_any_port
                0x20000098        0x2 ./Core/Src/wiznet/socket.o
 *fill*         0x2000009a        0x2 
 .data.WIZCHIP  0x2000009c       0x2c ./Core/Src/wiznet/wizchip_conf.o
                0x2000009c                WIZCHIP
 .data.uwTickPrio
                0x200000c8        0x4 ./Drivers/STM32F4xx_HAL_Driver/Src/stm32f4xx_hal.o
                0x200000c8                uwTickPrio
 .data.uwTickFreq
                0x200000cc        0x1 ./Drivers/STM32F4xx_HAL_Driver/Src/stm32f4xx_hal.o
                0x200000cc                uwTickFreq
 *fill*         0x200000cd        0x3 
 .data.uxCriticalNesting
                0x200000d0        0x4 ./Middlewares/Third_Party/FreeRTOS/Source/portable/GCC/ARM_CM4F/port.o
 .data.__sglue  0x200000d4        0xc C:/ST/STM32CubeIDE_1.16.1/STM32CubeIDE/plugins/com.st.stm32cube.ide.mcu.externaltools.gnu-tools-for-stm32.12.3.rel1.win32_1.0.200.202406191623/tools/bin/../lib/gcc/arm-none-eabi/12.3.1/../../../../arm-none-eabi/lib/thumb/v7e-m+fp/hard\libc_nano.a(libc_a-findfp.o)
                0x200000d4                __sglue
 .data._impure_ptr
                0x200000e0        0x4 C:/ST/STM32CubeIDE_1.16.1/STM32CubeIDE/plugins/com.st.stm32cube.ide.mcu.externaltools.gnu-tools-for-stm32.12.3.rel1.win32_1.0.200.202406191623/tools/bin/../lib/gcc/arm-none-eabi/12.3.1/../../../../arm-none-eabi/lib/thumb/v7e-m+fp/hard\libc_nano.a(libc_a-impure.o)
                0x200000e0                _impure_ptr
 .data._impure_data
                0x200000e4       0x4c C:/ST/STM32CubeIDE_1.16.1/STM32CubeIDE/plugins/com.st.stm32cube.ide.mcu.externaltools.gnu-tools-for-stm32.12.3.rel1.win32_1.0.200.202406191623/tools/bin/../lib/gcc/arm-none-eabi/12.3.1/../../../../arm-none-eabi/lib/thumb/v7e-m+fp/hard\libc_nano.a(libc_a-impure.o)
                0x200000e4                _impure_data
 *(.RamFunc)
 *(.RamFunc*)
                0x20000130                        . = ALIGN (0x4)
                0x20000130                        _edata = .

.igot.plt       0x20000130        0x0 load address 0x0800dce0
 .igot.plt      0x20000130        0x0 C:/ST/STM32CubeIDE_1.16.1/STM32CubeIDE/plugins/com.st.stm32cube.ide.mcu.externaltools.gnu-tools-for-stm32.12.3.rel1.win32_1.0.200.202406191623/tools/bin/../lib/gcc/arm-none-eabi/12.3.1/thumb/v7e-m+fp/hard/crtbegin.o
                0x20000130                        . = ALIGN (0x4)

.bss            0x20000130     0x5838 load address 0x0800dce0
                0x20000130                        _sbss = .
                0x20000130                        __bss_start__ = _sbss
 *(.bss)
 .bss           0x20000130       0x1c C:/ST/STM32CubeIDE_1.16.1/STM32CubeIDE/plugins/com.st.stm32cube.ide.mcu.externaltools.gnu-tools-for-stm32.12.3.rel1.win32_1.0.200.202406191623/tools/bin/../lib/gcc/arm-none-eabi/12.3.1/thumb/v7e-m+fp/hard/crtbegin.o
 *(.bss*)
 .bss.hspi1     0x2000014c       0x58 ./Core/Src/main.o
                0x2000014c                hspi1
 .bss.huart2    0x200001a4       0x48 ./Core/Src/main.o
                0x200001a4                huart2
 .bss.defaultTaskHandle
                0x200001ec        0x4 ./Core/Src/main.o
                0x200001ec                defaultTaskHandle
 .bss.switchEventQueueHandle
                0x200001f0        0x4 ./Core/Src/main.o